<html>
<body>
<pre>
<h1>µVision Build Log</h1>
<h2>Tool Versions:</h2>
IDE-Version: ¦ÌVision V5.15
Copyright (C) 2015 ARM Ltd and ARM Germany GmbH. All rights reserved.
License Information: sky Sky123.Org, Sky123.Org, LIC=P6F63-A5JSF-NTD3G-V0HZ9-EFB8I-J7I5M
 
Tool Versions:
Toolchain:       MDK-ARM Professional  Version: 5.15.0
Toolchain Path:  D:\Keil_v515\ARM\ARMCC\Bin
C Compiler:      Armcc.exe V5.05 update 2 (build 169)
Assembler:       Armasm.exe V5.05 update 2 (build 169)
Linker/Locator:  ArmLink.exe V5.05 update 2 (build 169)
Library Manager: ArmAr.exe V5.05 update 2 (build 169)
Hex Converter:   FromElf.exe V5.05 update 2 (build 169)
CPU DLL:         SARMCM3.DLL V5.15.0
Dialog DLL:      DARMSTM.DLL V1.65.0.0
Target DLL:      STLink\ST-LINKIII-KEIL_SWO.dll V2.0.15.0_KEIL
Dialog DLL:      TARMSTM.DLL V1.64.0.0
 
<h2>Project:</h2>
C:\Users\Administrator\Desktop\Tracker Sensor\Tracker Sensor\Tracker Sensor.uvproj
Project File Date:  11/15/2016

<h2>Output:</h2>
*** Using Compiler 'V5.05 update 2 (build 169)', folder: 'D:\Keil_v515\ARM\ARMCC\Bin'
Build target 'mbed NUCLEO_F103RB'
compiling main.cpp...
linking...
Program Size: Code=10652 RO-data=1040 RW-data=124 ZI-data=144  
FromELF: creating hex file...
".\build\AnalogTestShield.axf" - 0 Error(s), 0 Warning(s).
</pre>
</body>
</html>
