Component: ARM Compiler 5.05 update 2 (build 169) Tool: armlink [4d0f33]

==============================================================================

Section Cross References

    main.o(.text) refers to main.o(i._ZN4mbed8AnalogIn8read_u16Ev) for mbed::AnalogIn::read_u16()
    main.o(.text) refers to printfa.o(i.__0printf) for __2printf
    main.o(.text) refers to wait_api.o(i.wait) for wait
    main.o(.text) refers to main.o(i._ZN4mbed8AnalogInC1E7PinName) for mbed::AnalogIn::AnalogIn(PinName)
    main.o(.text) refers to main.o(.data) for IR1
    main.o(.ARM.exidx) refers to main.o(.text) for .text
    main.o(.init_array) refers to main.o(.text) for __sti___8_main_cpp_IR1
    main.o(.init_array) refers to cpp_init.o(.text) for __cpp_initialize__aeabi_
    stm32f10x_rcc.o(i.RCC_GetClocksFreq) refers to stm32f10x_rcc.o(.data) for .data
    retarget.o(.rev16_text) refers (Special) to entry6b.o(.ARM.Collect$$$$00000006) for __use_full_stdio
    retarget.o(.revsh_text) refers (Special) to entry6b.o(.ARM.Collect$$$$00000006) for __use_full_stdio
    retarget.o(i.$Sub$$main) refers (Special) to entry6b.o(.ARM.Collect$$$$00000006) for __use_full_stdio
    retarget.o(i.$Sub$$main) refers to mbed_overrides.o(i.mbed_sdk_init) for mbed_sdk_init
    retarget.o(i.$Sub$$main) refers to retarget.o(i.mbed_main) for mbed_main
    retarget.o(i.$Sub$$main) refers to main.o(.text) for $Super$$main
    retarget.o(i._ZN4mbed10FileHandleD0Ev) refers (Special) to entry6b.o(.ARM.Collect$$$$00000006) for __use_full_stdio
    retarget.o(i._ZN4mbed10FileHandleD0Ev) refers to delete.o(i._ZdlPv) for operator delete (void*)
    retarget.o(i._ZN4mbed10FileHandleD0Ev) refers to retarget.o(.constdata__ZTVN4mbed10FileHandleE) for vtable for mbed::FileHandle
    retarget.o(i._ZN4mbed10FileHandleD0Ev) refers to retarget.o(.bss) for .bss
    retarget.o(i._ZN4mbed10FileHandleD2Ev) refers (Special) to entry6b.o(.ARM.Collect$$$$00000006) for __use_full_stdio
    retarget.o(i._ZN4mbed10FileHandleD2Ev) refers to retarget.o(.constdata__ZTVN4mbed10FileHandleE) for vtable for mbed::FileHandle
    retarget.o(i._ZN4mbed10FileHandleD2Ev) refers to retarget.o(.bss) for .bss
    retarget.o(i._sys_close) refers (Special) to entry6b.o(.ARM.Collect$$$$00000006) for __use_full_stdio
    retarget.o(i._sys_close) refers to retarget.o(.bss) for .bss
    retarget.o(i._sys_command_string) refers (Special) to entry6b.o(.ARM.Collect$$$$00000006) for __use_full_stdio
    retarget.o(i._sys_ensure) refers (Special) to entry6b.o(.ARM.Collect$$$$00000006) for __use_full_stdio
    retarget.o(i._sys_ensure) refers to retarget.o(.bss) for .bss
    retarget.o(i._sys_flen) refers (Special) to entry6b.o(.ARM.Collect$$$$00000006) for __use_full_stdio
    retarget.o(i._sys_flen) refers to retarget.o(.bss) for .bss
    retarget.o(i._sys_istty) refers (Special) to entry6b.o(.ARM.Collect$$$$00000006) for __use_full_stdio
    retarget.o(i._sys_istty) refers to retarget.o(.bss) for .bss
    retarget.o(i._sys_open) refers (Special) to entry6b.o(.ARM.Collect$$$$00000006) for __use_full_stdio
    retarget.o(i._sys_open) refers to _scanf_int.o(.text) for _scanf_int
    retarget.o(i._sys_open) refers to strcmp.o(.text) for strcmp
    retarget.o(i._sys_open) refers to FilePath.o(i._ZN4mbed8FilePathC1EPKc) for mbed::FilePath::FilePath(const char*)
    retarget.o(i._sys_open) refers to FilePath.o(i._ZN4mbed8FilePath6existsEv) for mbed::FilePath::exists()
    retarget.o(i._sys_open) refers to FilePath.o(i._ZN4mbed8FilePath6isFileEv) for mbed::FilePath::isFile()
    retarget.o(i._sys_open) refers to FilePath.o(i._ZN4mbed8FilePath4fileEv) for mbed::FilePath::file()
    retarget.o(i._sys_open) refers to __0sscanf.o(.text) for __0sscanf
    retarget.o(i._sys_open) refers to FilePath.o(i._ZN4mbed8FilePath10fileSystemEv) for mbed::FilePath::fileSystem()
    retarget.o(i._sys_open) refers to FilePath.o(i._ZN4mbed8FilePath8fileNameEv) for mbed::FilePath::fileName()
    retarget.o(i._sys_open) refers to retarget.o(.bss) for .bss
    retarget.o(i._sys_open) refers to retarget.o(.data) for .data
    retarget.o(i._sys_read) refers (Special) to entry6b.o(.ARM.Collect$$$$00000006) for __use_full_stdio
    retarget.o(i._sys_read) refers to serial_api.o(i.serial_init) for serial_init
    retarget.o(i._sys_read) refers to serial_api.o(i.serial_getc) for serial_getc
    retarget.o(i._sys_read) refers to serial_api.o(.data) for stdio_uart_inited
    retarget.o(i._sys_read) refers to serial_api.o(.bss) for stdio_uart
    retarget.o(i._sys_read) refers to retarget.o(.bss) for .bss
    retarget.o(i._sys_seek) refers (Special) to entry6b.o(.ARM.Collect$$$$00000006) for __use_full_stdio
    retarget.o(i._sys_seek) refers to retarget.o(.bss) for .bss
    retarget.o(i._sys_write) refers (Special) to entry6b.o(.ARM.Collect$$$$00000006) for __use_full_stdio
    retarget.o(i._sys_write) refers to serial_api.o(i.serial_init) for serial_init
[...]
    Removing FileBase.o(i._ZN4mbed8FileBase3getEi), (32 bytes).
    Removing FileBase.o(i._ZN4mbed8FileBase7getNameEv), (4 bytes).
    Removing FileBase.o(i._ZN4mbed8FileBaseC1EPKcNS_8PathTypeE), (36 bytes).
    Removing FileBase.o(i._ZN4mbed8FileBaseD0Ev), (52 bytes).
    Removing FileBase.o(i._ZN4mbed8FileBaseD1Ev), (56 bytes).
    Removing FileBase.o(.ARM.exidx), (8 bytes).
    Removing FileBase.o(.ARM.exidx), (8 bytes).
    Removing FileBase.o(.ARM.exidx), (8 bytes).
    Removing FileBase.o(.ARM.exidx), (8 bytes).
    Removing FileBase.o(.ARM.exidx), (8 bytes).
    Removing FileBase.o(.ARM.exidx), (8 bytes).
    Removing FileBase.o(.ARM.exidx), (8 bytes).
    Removing assert.o(.rev16_text), (4 bytes).
    Removing assert.o(.revsh_text), (4 bytes).
    Removing pinmap_common.o(.rev16_text), (4 bytes).
    Removing pinmap_common.o(.revsh_text), (4 bytes).
    Removing pinmap_common.o(i.pinmap_find_peripheral), (34 bytes).
    Removing error.o(.rev16_text), (4 bytes).
    Removing error.o(.revsh_text), (4 bytes).
    Removing us_ticker_api.o(.rev16_text), (4 bytes).
    Removing us_ticker_api.o(.revsh_text), (4 bytes).
    Removing us_ticker_api.o(i.us_ticker_insert_event), (76 bytes).
    Removing us_ticker_api.o(i.us_ticker_remove_event), (60 bytes).
    Removing us_ticker_api.o(i.us_ticker_set_handler), (20 bytes).
    Removing exit.o(.rev16_text), (4 bytes).
    Removing exit.o(.revsh_text), (4 bytes).
    Removing ffltui.o(.text), (10 bytes).
    Removing fepilogue.o(.text), (110 bytes).
    Removing main.o(.ARM.exidx), (8 bytes).
    Removing main.o(.ARM.exidx), (8 bytes).
    Removing retarget.o(.constdata__ZTVN4mbed10FileHandleE), (44 bytes).
    Removing retarget.o(i._ZN4mbed10FileHandle4flenEv), (58 bytes).
    Removing retarget.o(.ARM.exidx), (8 bytes).
    Removing retarget.o(.constdata__ZTIN4mbed10FileHandleE), (8 bytes).
    Removing retarget.o(.constdata__ZTSN4mbed10FileHandleE), (20 bytes).
    Removing FileSystemLike.o(.constdata__ZTVN4mbed14FileSystemLikeE), (36 bytes).
    Removing FileSystemLike.o(i._ZN4mbed14FileSystemLike6removeEPKc), (6 bytes).
    Removing FileSystemLike.o(.ARM.exidx), (8 bytes).
    Removing FileSystemLike.o(i._ZN4mbed14FileSystemLike6renameEPKcS2_), (6 bytes).
    Removing FileSystemLike.o(.ARM.exidx), (8 bytes).
    Removing FileSystemLike.o(i._ZN4mbed14FileSystemLike7opendirEPKc), (4 bytes).
    Removing FileSystemLike.o(.ARM.exidx), (8 bytes).
    Removing FileSystemLike.o(i._ZN4mbed14FileSystemLike5mkdirEPKci), (6 bytes).
    Removing FileSystemLike.o(.ARM.exidx), (8 bytes).
    Removing FileSystemLike.o(.constdata__ZTVN4mbed13BaseDirHandleE), (36 bytes).
    Removing FileSystemLike.o(.constdata__ZTIN4mbed14FileSystemLikeE), (12 bytes).
    Removing FileSystemLike.o(.constdata__ZTIN4mbed13BaseDirHandleE), (12 bytes).
    Removing FileSystemLike.o(.constdata__ZTSN4mbed14FileSystemLikeE), (24 bytes).
    Removing FileSystemLike.o(.constdata__ZTIN4mbed9DirHandleE), (8 bytes).
    Removing FileSystemLike.o(.constdata__ZTSN4mbed13BaseDirHandleE), (23 bytes).
    Removing FileSystemLike.o(.constdata__ZTSN4mbed9DirHandleE), (18 bytes).
    Removing FileSystemLike.o(i._ZN4mbed13BaseDirHandle8closedirEv), (12 bytes).
    Removing FileSystemLike.o(.ARM.exidx), (8 bytes).
    Removing FileSystemLike.o(i._ZN4mbed13BaseDirHandle7readdirEv), (44 bytes).
    Removing FileSystemLike.o(.ARM.exidx), (8 bytes).
    Removing FileSystemLike.o(i._ZN4mbed13BaseDirHandle7telldirEv), (4 bytes).
    Removing FileSystemLike.o(.ARM.exidx), (8 bytes).
    Removing FileSystemLike.o(i._ZN4mbed13BaseDirHandle7seekdirEl), (4 bytes).
    Removing FileSystemLike.o(.ARM.exidx), (8 bytes).
    Removing FileSystemLike.o(i._ZN4mbed13BaseDirHandle9rewinddirEv), (6 bytes).
    Removing FileSystemLike.o(.ARM.exidx), (8 bytes).
    Removing FileSystemLike.o(i._ZN4mbed13BaseDirHandleD1Ev), (2 bytes).
    Removing FileSystemLike.o(.ARM.exidx), (8 bytes).
    Removing FileSystemLike.o(i._ZN4mbed13BaseDirHandleD0Ev), (4 bytes).
    Removing FileSystemLike.o(.ARM.exidx), (8 bytes).
    Removing FileBase.o(.constdata__ZTVN4mbed8FileBaseE), (16 bytes).
    Removing FileBase.o(.constdata__ZTIN4mbed8FileBaseE), (8 bytes).
    Removing FileBase.o(.constdata__ZTSN4mbed8FileBaseE), (17 bytes).

673 unused section(s) (total 21624 bytes) removed from the image.

==============================================================================

Image Symbol Table

    Local Symbols

    Symbol Name                              Value     Ov Type        Size  Object(Section)

    ../../../edgfe/lib_src/arm_exceptions.c  0x00000000   Number         0  arm_exceptions_terminate.o ABSOLUTE
    ../../../edgfe/lib_src/arm_exceptions.c  0x00000000   Number         0  arm_exceptions_mem.o ABSOLUTE
    ../../../edgfe/lib_src/arm_exceptions.c  0x00000000   Number         0  arm_exceptions_callterm.o ABSOLUTE
    ../../../edgfe/lib_src/arm_exceptions.c  0x00000000   Number         0  arm_exceptions_globs.o ABSOLUTE
    ../../../edgfe/lib_src/arm_exceptions.c  0x00000000   Number         0  arm_exceptions_support.o ABSOLUTE
    ../../../edgfe/lib_src/arm_noexceptions.c 0x00000000   Number         0  arm_callunex_noexceptions.o ABSOLUTE
    ../../../edgfe/lib_src/arm_noexceptions.c 0x00000000   Number         0  arm_begincatch_noexceptions.o ABSOLUTE
    ../../../edgfe/lib_src/arm_noexceptions.c 0x00000000   Number         0  arm_newhandler_noexceptions.o ABSOLUTE
    ../../../edgfe/lib_src/bad_alloc.c       0x00000000   Number         0  bad_alloc_dtor.o ABSOLUTE
    ../../../edgfe/lib_src/bad_alloc.c       0x00000000   Number         0  bad_alloc_what.o ABSOLUTE
    ../../../edgfe/lib_src/delete.c          0x00000000   Number         0  delete.o ABSOLUTE
    ../../../edgfe/lib_src/exception.c       0x00000000   Number         0  exception_what.o ABSOLUTE
    ../../../edgfe/lib_src/exception.c       0x00000000   Number         0  exception_dtor.o ABSOLUTE
    ../../../edgfe/lib_src/new.c             0x00000000   Number         0  new.o ABSOLUTE
    ../../../edgfe/lib_src/pure_virt.c       0x00000000   Number         0  pure_virt.o ABSOLUTE
    ../../../edgfe/lib_src/typeinfo.c        0x00000000   Number         0  lib_rtti_impl.o ABSOLUTE
    ../../../edgfe/lib_src/typeinfo.c        0x00000000   Number         0  type_info_dtor.o ABSOLUTE
    ../clib/microlib/cpp/cpp_init.c          0x00000000   Number         0  cpp_init.o ABSOLUTE
    ../clib/microlib/cpp/cpp_init.c          0x00000000   Number         0  cpp_init.o ABSOLUTE
    ../clib/microlib/cpp/cpp_memory.c        0x00000000   Number         0  cpp_memory.o ABSOLUTE
    ../clib/microlib/cpp/cpp_signal.c        0x00000000   Number         0  cpp_signal.o ABSOLUTE
    ../clib/microlib/cpp/cpp_unwinder.c      0x00000000   Number         0  cpp_unwinder.o ABSOLUTE
    ../clib/microlib/ctype/ctype.c           0x00000000   Number         0  isspace_c.o ABSOLUTE
    ../clib/microlib/ctype/ctype.c           0x00000000   Number         0  ctype_c.o ABSOLUTE
    ../clib/microlib/division.c              0x00000000   Number         0  uldiv.o ABSOLUTE
    ../clib/microlib/division.c              0x00000000   Number         0  uidiv.o ABSOLUTE
    ../clib/microlib/init/entry.s            0x00000000   Number         0  entry8b.o ABSOLUTE
    ../clib/microlib/init/entry.s            0x00000000   Number         0  entry8a.o ABSOLUTE
    ../clib/microlib/init/entry.s            0x00000000   Number         0  entry9a.o ABSOLUTE
    ../clib/microlib/init/entry.s            0x00000000   Number         0  entry.o ABSOLUTE
    ../clib/microlib/init/entry.s            0x00000000   Number         0  entry9b.o ABSOLUTE
    ../clib/microlib/init/entry.s            0x00000000   Number         0  entry10a.o ABSOLUTE
    ../clib/microlib/init/entry.s            0x00000000   Number         0  entry6a.o ABSOLUTE
    ../clib/microlib/init/entry.s            0x00000000   Number         0  entry6b.o ABSOLUTE
    ../clib/microlib/init/entry.s            0x00000000   Number         0  entry10b.o ABSOLUTE
    ../clib/microlib/init/entry.s            0x00000000   Number         0  entry7b.o ABSOLUTE
    ../clib/microlib/init/entry.s            0x00000000   Number         0  entry11a.o ABSOLUTE
    ../clib/microlib/init/entry.s            0x00000000   Number         0  entry7a.o ABSOLUTE
    ../clib/microlib/init/entry.s            0x00000000   Number         0  entry5.o ABSOLUTE
    ../clib/microlib/init/entry.s            0x00000000   Number         0  entry11b.o ABSOLUTE
    ../clib/microlib/init/entry.s            0x00000000   Number         0  entry2.o ABSOLUTE
    ../clib/microlib/longlong.c              0x00000000   Number         0  llsshr.o ABSOLUTE
    ../clib/microlib/longlong.c              0x00000000   Number         0  llushr.o ABSOLUTE
    ../clib/microlib/longlong.c              0x00000000   Number         0  llshl.o ABSOLUTE
    ../clib/microlib/malloc/malloc.c         0x00000000   Number         0  mallocra.o ABSOLUTE
    ../clib/microlib/malloc/malloc.c         0x00000000   Number         0  malloca.o ABSOLUTE
    ../clib/microlib/malloc/malloc.c         0x00000000   Number         0  malloc.o ABSOLUTE
    ../clib/microlib/malloc/malloc.c         0x00000000   Number         0  mallocr.o ABSOLUTE
    ../clib/microlib/malloc/mvars.c          0x00000000   Number         0  mvars.o ABSOLUTE
    ../clib/microlib/printf/printf.c         0x00000000   Number         0  printf0.o ABSOLUTE
    ../clib/microlib/printf/printf.c         0x00000000   Number         0  printf1.o ABSOLUTE
    ../clib/microlib/printf/printf.c         0x00000000   Number         0  printfb.o ABSOLUTE
    ../clib/microlib/printf/printf.c         0x00000000   Number         0  printf3.o ABSOLUTE
    ../clib/microlib/printf/printf.c         0x00000000   Number         0  printf4.o ABSOLUTE
    ../clib/microlib/printf/printf.c         0x00000000   Number         0  printf5.o ABSOLUTE
    ../clib/microlib/printf/printf.c         0x00000000   Number         0  printf6.o ABSOLUTE
    ../clib/microlib/printf/printf.c         0x00000000   Number         0  printf7.o ABSOLUTE
    ../clib/microlib/printf/printf.c         0x00000000   Number         0  printf8.o ABSOLUTE
    ../clib/microlib/printf/printf.c         0x00000000   Number         0  printfa.o ABSOLUTE
    ../clib/microlib/printf/printf.c         0x00000000   Number         0  printf2.o ABSOLUTE
    ../clib/microlib/printf/stubs.s          0x00000000   Number         0  stubs.o ABSOLUTE
    ../clib/microlib/stdio/fflush.c          0x00000000   Number         0  fflush.o ABSOLUTE
    ../clib/microlib/stdio/fflush_f.c        0x00000000   Number         0  fflush_f.o ABSOLUTE
    ../clib/microlib/stdio/fputc.c           0x00000000   Number         0  fputc_fp.o ABSOLUTE
    ../clib/microlib/stdio/fputc.c           0x00000000   Number         0  fputc_f.o ABSOLUTE
    ../clib/microlib/stdio/fputc.c           0x00000000   Number         0  fputc.o ABSOLUTE
    ../clib/microlib/stdio/initio.c          0x00000000   Number         0  initio_oe.o ABSOLUTE
    ../clib/microlib/stdio/semi.s            0x00000000   Number         0  semi.o ABSOLUTE
    ../clib/microlib/stdio/streams.c         0x00000000   Number         0  stderr_f.o ABSOLUTE
    ../clib/microlib/stdio/streams.c         0x00000000   Number         0  stdout_f.o ABSOLUTE
    ../clib/microlib/stdio/streams.c         0x00000000   Number         0  stderr.o ABSOLUTE
    ../clib/microlib/stdio/streams.c         0x00000000   Number         0  stdout.o ABSOLUTE
    ../clib/microlib/stdlib/abort.c          0x00000000   Number         0  abort.o ABSOLUTE
    ../clib/microlib/string/memcpy.c         0x00000000   Number         0  memmoveb.o ABSOLUTE
    ../clib/microlib/string/memcpy.c         0x00000000   Number         0  memmovea.o ABSOLUTE
    ../clib/microlib/string/memcpy.c         0x00000000   Number         0  memcpyb.o ABSOLUTE
    ../clib/microlib/string/memcpy.c         0x00000000   Number         0  memcpya.o ABSOLUTE
    ../clib/microlib/string/memset.c         0x00000000   Number         0  memseta.o ABSOLUTE
    ../clib/microlib/string/strcmp.c         0x00000000   Number         0  strcmp.o ABSOLUTE
    ../clib/microlib/string/strlen.c         0x00000000   Number         0  strlen.o ABSOLUTE
    ../clib/microlib/string/strncmp.c        0x00000000   Number         0  strncmp.o ABSOLUTE
    ../clib/microlib/string/strncpy.c        0x00000000   Number         0  strncpy.o ABSOLUTE
    ../clib/microlib/stubs.s                 0x00000000   Number         0  iusefp.o ABSOLUTE
    ../clib/microlib/stubs.s                 0x00000000   Number         0  iusesemip.o ABSOLUTE
    ../clib/scanf.c                          0x00000000   Number         0  _chval.o ABSOLUTE
    ../clib/scanf.c                          0x00000000   Number         0  scanf_char.o ABSOLUTE
    ../clib/scanf.c                          0x00000000   Number         0  _sgetc.o ABSOLUTE
    ../clib/scanf.c                          0x00000000   Number         0  _scanf.o ABSOLUTE
    ../clib/scanf.c                          0x00000000   Number         0  __0sscanf.o ABSOLUTE
    ../clib/scanf.c                          0x00000000   Number         0  _scanf_int.o ABSOLUTE
    ../fplib/microlib/fpadd.c                0x00000000   Number         0  dadd.o ABSOLUTE
    ../fplib/microlib/fpdiv.c                0x00000000   Number         0  ddiv.o ABSOLUTE
    ../fplib/microlib/fpepilogue.c           0x00000000   Number         0  fepilogue.o ABSOLUTE
    ../fplib/microlib/fpepilogue.c           0x00000000   Number         0  depilogue.o ABSOLUTE
    ../fplib/microlib/fpfix.c                0x00000000   Number         0  ffixi.o ABSOLUTE
    ../fplib/microlib/fpfix.c                0x00000000   Number         0  dfixul.o ABSOLUTE
    ../fplib/microlib/fpflt.c                0x00000000   Number         0  ffltui.o ABSOLUTE
    ../fplib/microlib/fpmul.c                0x00000000   Number         0  fmul.o ABSOLUTE
    ../fplib/microlib/fpmul.c                0x00000000   Number         0  dmul.o ABSOLUTE
    C:\\work\\mbed\\github-new\\libraries\\mbed\\common\\FileBase.cpp 0x00000000   Number         0  FileBase.o ABSOLUTE
    C:\\work\\mbed\\github-new\\libraries\\mbed\\common\\FilePath.cpp 0x00000000   Number         0  FilePath.o ABSOLUTE
    C:\\work\\mbed\\github-new\\libraries\\mbed\\common\\FileSystemLike.cpp 0x00000000   Number         0  FileSystemLike.o ABSOLUTE
    C:\\work\\mbed\\github-new\\libraries\\mbed\\common\\assert.c 0x00000000   Number         0  assert.o ABSOLUTE
    C:\\work\\mbed\\github-new\\libraries\\mbed\\common\\board.c 0x00000000   Number         0  board.o ABSOLUTE
    C:\\work\\mbed\\github-new\\libraries\\mbed\\common\\error.c 0x00000000   Number         0  error.o ABSOLUTE
    C:\\work\\mbed\\github-new\\libraries\\mbed\\common\\exit.c 0x00000000   Number         0  exit.o ABSOLUTE
    C:\\work\\mbed\\github-new\\libraries\\mbed\\common\\pinmap_common.c 0x00000000   Number         0  pinmap_common.o ABSOLUTE
    C:\\work\\mbed\\github-new\\libraries\\mbed\\common\\retarget.cpp 0x00000000   Number         0  retarget.o ABSOLUTE
    C:\\work\\mbed\\github-new\\libraries\\mbed\\common\\us_ticker_api.c 0x00000000   Number         0  us_ticker_api.o ABSOLUTE
    C:\\work\\mbed\\github-new\\libraries\\mbed\\targets\\cmsis\\TARGET_STM\\TARGET_NUCLEO_F103RB\\TOOLCHAIN_ARM_MICRO\\startup_stm32f10x_md.s 0x00000000   Number         0  startup_stm32f10x_md.o ABSOLUTE
    C:\\work\\mbed\\github-new\\libraries\\mbed\\targets\\cmsis\\TARGET_STM\\TARGET_NUCLEO_F103RB\\cmsis_nvic.c 0x00000000   Number         0  cmsis_nvic.o ABSOLUTE
    C:\\work\\mbed\\github-new\\libraries\\mbed\\targets\\cmsis\\TARGET_STM\\TARGET_NUCLEO_F103RB\\misc.c 0x00000000   Number         0  misc.o ABSOLUTE
    C:\\work\\mbed\\github-new\\libraries\\mbed\\targets\\cmsis\\TARGET_STM\\TARGET_NUCLEO_F103RB\\stm32f10x_adc.c 0x00000000   Number         0  stm32f10x_adc.o ABSOLUTE
    C:\\work\\mbed\\github-new\\libraries\\mbed\\targets\\cmsis\\TARGET_STM\\TARGET_NUCLEO_F103RB\\stm32f10x_bkp.c 0x00000000   Number         0  stm32f10x_bkp.o ABSOLUTE
    C:\\work\\mbed\\github-new\\libraries\\mbed\\targets\\cmsis\\TARGET_STM\\TARGET_NUCLEO_F103RB\\stm32f10x_can.c 0x00000000   Number         0  stm32f10x_can.o ABSOLUTE
    C:\\work\\mbed\\github-new\\libraries\\mbed\\targets\\cmsis\\TARGET_STM\\TARGET_NUCLEO_F103RB\\stm32f10x_cec.c 0x00000000   Number         0  stm32f10x_cec.o ABSOLUTE
    C:\\work\\mbed\\github-new\\libraries\\mbed\\targets\\cmsis\\TARGET_STM\\TARGET_NUCLEO_F103RB\\stm32f10x_crc.c 0x00000000   Number         0  stm32f10x_crc.o ABSOLUTE
    C:\\work\\mbed\\github-new\\libraries\\mbed\\targets\\cmsis\\TARGET_STM\\TARGET_NUCLEO_F103RB\\stm32f10x_dac.c 0x00000000   Number         0  stm32f10x_dac.o ABSOLUTE
    C:\\work\\mbed\\github-new\\libraries\\mbed\\targets\\cmsis\\TARGET_STM\\TARGET_NUCLEO_F103RB\\stm32f10x_dbgmcu.c 0x00000000   Number         0  stm32f10x_dbgmcu.o ABSOLUTE
    C:\\work\\mbed\\github-new\\libraries\\mbed\\targets\\cmsis\\TARGET_STM\\TARGET_NUCLEO_F103RB\\stm32f10x_dma.c 0x00000000   Number         0  stm32f10x_dma.o ABSOLUTE
    C:\\work\\mbed\\github-new\\libraries\\mbed\\targets\\cmsis\\TARGET_STM\\TARGET_NUCLEO_F103RB\\stm32f10x_exti.c 0x00000000   Number         0  stm32f10x_exti.o ABSOLUTE
    C:\\work\\mbed\\github-new\\libraries\\mbed\\targets\\cmsis\\TARGET_STM\\TARGET_NUCLEO_F103RB\\stm32f10x_flash.c 0x00000000   Number         0  stm32f10x_flash.o ABSOLUTE
    C:\\work\\mbed\\github-new\\libraries\\mbed\\targets\\cmsis\\TARGET_STM\\TARGET_NUCLEO_F103RB\\stm32f10x_fsmc.c 0x00000000   Number         0  stm32f10x_fsmc.o ABSOLUTE
    C:\\work\\mbed\\github-new\\libraries\\mbed\\targets\\cmsis\\TARGET_STM\\TARGET_NUCLEO_F103RB\\stm32f10x_gpio.c 0x00000000   Number         0  stm32f10x_gpio.o ABSOLUTE
    C:\\work\\mbed\\github-new\\libraries\\mbed\\targets\\cmsis\\TARGET_STM\\TARGET_NUCLEO_F103RB\\stm32f10x_i2c.c 0x00000000   Number         0  stm32f10x_i2c.o ABSOLUTE
    C:\\work\\mbed\\github-new\\libraries\\mbed\\targets\\cmsis\\TARGET_STM\\TARGET_NUCLEO_F103RB\\stm32f10x_iwdg.c 0x00000000   Number         0  stm32f10x_iwdg.o ABSOLUTE
    C:\\work\\mbed\\github-new\\libraries\\mbed\\targets\\cmsis\\TARGET_STM\\TARGET_NUCLEO_F103RB\\stm32f10x_pwr.c 0x00000000   Number         0  stm32f10x_pwr.o ABSOLUTE
    C:\\work\\mbed\\github-new\\libraries\\mbed\\targets\\cmsis\\TARGET_STM\\TARGET_NUCLEO_F103RB\\stm32f10x_rcc.c 0x00000000   Number         0  stm32f10x_rcc.o ABSOLUTE
    C:\\work\\mbed\\github-new\\libraries\\mbed\\targets\\cmsis\\TARGET_STM\\TARGET_NUCLEO_F103RB\\stm32f10x_rtc.c 0x00000000   Number         0  stm32f10x_rtc.o ABSOLUTE
    C:\\work\\mbed\\github-new\\libraries\\mbed\\targets\\cmsis\\TARGET_STM\\TARGET_NUCLEO_F103RB\\stm32f10x_sdio.c 0x00000000   Number         0  stm32f10x_sdio.o ABSOLUTE
    C:\\work\\mbed\\github-new\\libraries\\mbed\\targets\\cmsis\\TARGET_STM\\TARGET_NUCLEO_F103RB\\stm32f10x_spi.c 0x00000000   Number         0  stm32f10x_spi.o ABSOLUTE
    C:\\work\\mbed\\github-new\\libraries\\mbed\\targets\\cmsis\\TARGET_STM\\TARGET_NUCLEO_F103RB\\stm32f10x_tim.c 0x00000000   Number         0  stm32f10x_tim.o ABSOLUTE
    C:\\work\\mbed\\github-new\\libraries\\mbed\\targets\\cmsis\\TARGET_STM\\TARGET_NUCLEO_F103RB\\stm32f10x_usart.c 0x00000000   Number         0  stm32f10x_usart.o ABSOLUTE
    C:\\work\\mbed\\github-new\\libraries\\mbed\\targets\\cmsis\\TARGET_STM\\TARGET_NUCLEO_F103RB\\stm32f10x_wwdg.c 0x00000000   Number         0  stm32f10x_wwdg.o ABSOLUTE
    C:\\work\\mbed\\github-new\\libraries\\mbed\\targets\\cmsis\\TARGET_STM\\TARGET_NUCLEO_F103RB\\system_stm32f10x.c 0x00000000   Number         0  system_stm32f10x.o ABSOLUTE
    C:\\work\\mbed\\github-new\\libraries\\mbed\\targets\\hal\\TARGET_STM\\TARGET_NUCLEO_F103RB\\analogin_api.c 0x00000000   Number         0  analogin_api.o ABSOLUTE
    C:\\work\\mbed\\github-new\\libraries\\mbed\\targets\\hal\\TARGET_STM\\TARGET_NUCLEO_F103RB\\mbed_overrides.c 0x00000000   Number         0  mbed_overrides.o ABSOLUTE
    C:\\work\\mbed\\github-new\\libraries\\mbed\\targets\\hal\\TARGET_STM\\TARGET_NUCLEO_F103RB\\pinmap.c 0x00000000   Number         0  pinmap.o ABSOLUTE
    C:\\work\\mbed\\github-new\\libraries\\mbed\\targets\\hal\\TARGET_STM\\TARGET_NUCLEO_F103RB\\serial_api.c 0x00000000   Number         0  serial_api.o ABSOLUTE
    C:\\work\\mbed\\github-new\\libraries\\mbed\\targets\\hal\\TARGET_STM\\TARGET_NUCLEO_F103RB\\us_ticker.c 0x00000000   Number         0  us_ticker.o ABSOLUTE
    C:\work\mbed\github-new\libraries\mbed\common\FileBase.cpp 0x00000000   Number         0  FileBase.o ABSOLUTE
    C:\work\mbed\github-new\libraries\mbed\common\FilePath.cpp 0x00000000   Number         0  FilePath.o ABSOLUTE
    C:\work\mbed\github-new\libraries\mbed\common\FileSystemLike.cpp 0x00000000   Number         0  FileSystemLike.o ABSOLUTE
    C:\work\mbed\github-new\libraries\mbed\common\assert.c 0x00000000   Number         0  assert.o ABSOLUTE
    C:\work\mbed\github-new\libraries\mbed\common\board.c 0x00000000   Number         0  board.o ABSOLUTE
    C:\work\mbed\github-new\libraries\mbed\common\error.c 0x00000000   Number         0  error.o ABSOLUTE
    C:\work\mbed\github-new\libraries\mbed\common\exit.c 0x00000000   Number         0  exit.o ABSOLUTE
    C:\work\mbed\github-new\libraries\mbed\common\pinmap_common.c 0x00000000   Number         0  pinmap_common.o ABSOLUTE
    C:\work\mbed\github-new\libraries\mbed\common\retarget.cpp 0x00000000   Number         0  retarget.o ABSOLUTE
    C:\work\mbed\github-new\libraries\mbed\common\us_ticker_api.c 0x00000000   Number         0  us_ticker_api.o ABSOLUTE
    C:\work\mbed\github-new\libraries\mbed\common\wait_api.c 0x00000000   Number         0  wait_api.o ABSOLUTE
    C:\work\mbed\github-new\libraries\mbed\targets\cmsis\TARGET_STM\TARGET_NUCLEO_F103RB\TOOLCHAIN_ARM_MICRO\sys.cpp 0x00000000   Number         0  sys.o ABSOLUTE
    C:\work\mbed\github-new\libraries\mbed\targets\cmsis\TARGET_STM\TARGET_NUCLEO_F103RB\cmsis_nvic.c 0x00000000   Number         0  cmsis_nvic.o ABSOLUTE
    C:\work\mbed\github-new\libraries\mbed\targets\cmsis\TARGET_STM\TARGET_NUCLEO_F103RB\misc.c 0x00000000   Number         0  misc.o ABSOLUTE
    C:\work\mbed\github-new\libraries\mbed\targets\cmsis\TARGET_STM\TARGET_NUCLEO_F103RB\stm32f10x_adc.c 0x00000000   Number         0  stm32f10x_adc.o ABSOLUTE
    C:\work\mbed\github-new\libraries\mbed\targets\cmsis\TARGET_STM\TARGET_NUCLEO_F103RB\stm32f10x_bkp.c 0x00000000   Number         0  stm32f10x_bkp.o ABSOLUTE
    C:\work\mbed\github-new\libraries\mbed\targets\cmsis\TARGET_STM\TARGET_NUCLEO_F103RB\stm32f10x_can.c 0x00000000   Number         0  stm32f10x_can.o ABSOLUTE
    C:\work\mbed\github-new\libraries\mbed\targets\cmsis\TARGET_STM\TARGET_NUCLEO_F103RB\stm32f10x_cec.c 0x00000000   Number         0  stm32f10x_cec.o ABSOLUTE
    C:\work\mbed\github-new\libraries\mbed\targets\cmsis\TARGET_STM\TARGET_NUCLEO_F103RB\stm32f10x_crc.c 0x00000000   Number         0  stm32f10x_crc.o ABSOLUTE
    C:\work\mbed\github-new\libraries\mbed\targets\cmsis\TARGET_STM\TARGET_NUCLEO_F103RB\stm32f10x_dac.c 0x00000000   Number         0  stm32f10x_dac.o ABSOLUTE
    C:\work\mbed\github-new\libraries\mbed\targets\cmsis\TARGET_STM\TARGET_NUCLEO_F103RB\stm32f10x_dbgmcu.c 0x00000000   Number         0  stm32f10x_dbgmcu.o ABSOLUTE
    C:\work\mbed\github-new\libraries\mbed\targets\cmsis\TARGET_STM\TARGET_NUCLEO_F103RB\stm32f10x_dma.c 0x00000000   Number         0  stm32f10x_dma.o ABSOLUTE
    C:\work\mbed\github-new\libraries\mbed\targets\cmsis\TARGET_STM\TARGET_NUCLEO_F103RB\stm32f10x_exti.c 0x00000000   Number         0  stm32f10x_exti.o ABSOLUTE
    C:\work\mbed\github-new\libraries\mbed\targets\cmsis\TARGET_STM\TARGET_NUCLEO_F103RB\stm32f10x_flash.c 0x00000000   Number         0  stm32f10x_flash.o ABSOLUTE
    C:\work\mbed\github-new\libraries\mbed\targets\cmsis\TARGET_STM\TARGET_NUCLEO_F103RB\stm32f10x_fsmc.c 0x00000000   Number         0  stm32f10x_fsmc.o ABSOLUTE
    C:\work\mbed\github-new\libraries\mbed\targets\cmsis\TARGET_STM\TARGET_NUCLEO_F103RB\stm32f10x_gpio.c 0x00000000   Number         0  stm32f10x_gpio.o ABSOLUTE
    C:\work\mbed\github-new\libraries\mbed\targets\cmsis\TARGET_STM\TARGET_NUCLEO_F103RB\stm32f10x_i2c.c 0x00000000   Number         0  stm32f10x_i2c.o ABSOLUTE
    C:\work\mbed\github-new\libraries\mbed\targets\cmsis\TARGET_STM\TARGET_NUCLEO_F103RB\stm32f10x_iwdg.c 0x00000000   Number         0  stm32f10x_iwdg.o ABSOLUTE
    C:\work\mbed\github-new\libraries\mbed\targets\cmsis\TARGET_STM\TARGET_NUCLEO_F103RB\stm32f10x_pwr.c 0x00000000   Number         0  stm32f10x_pwr.o ABSOLUTE
    C:\work\mbed\github-new\libraries\mbed\targets\cmsis\TARGET_STM\TARGET_NUCLEO_F103RB\stm32f10x_rcc.c 0x00000000   Number         0  stm32f10x_rcc.o ABSOLUTE
    C:\work\mbed\github-new\libraries\mbed\targets\cmsis\TARGET_STM\TARGET_NUCLEO_F103RB\stm32f10x_rtc.c 0x00000000   Number         0  stm32f10x_rtc.o ABSOLUTE
    C:\work\mbed\github-new\libraries\mbed\targets\cmsis\TARGET_STM\TARGET_NUCLEO_F103RB\stm32f10x_sdio.c 0x00000000   Number         0  stm32f10x_sdio.o ABSOLUTE
    C:\work\mbed\github-new\libraries\mbed\targets\cmsis\TARGET_STM\TARGET_NUCLEO_F103RB\stm32f10x_spi.c 0x00000000   Number         0  stm32f10x_spi.o ABSOLUTE
    C:\work\mbed\github-new\libraries\mbed\targets\cmsis\TARGET_STM\TARGET_NUCLEO_F103RB\stm32f10x_tim.c 0x00000000   Number         0  stm32f10x_tim.o ABSOLUTE
    C:\work\mbed\github-new\libraries\mbed\targets\cmsis\TARGET_STM\TARGET_NUCLEO_F103RB\stm32f10x_usart.c 0x00000000   Number         0  stm32f10x_usart.o ABSOLUTE
    C:\work\mbed\github-new\libraries\mbed\targets\cmsis\TARGET_STM\TARGET_NUCLEO_F103RB\stm32f10x_wwdg.c 0x00000000   Number         0  stm32f10x_wwdg.o ABSOLUTE
    C:\work\mbed\github-new\libraries\mbed\targets\cmsis\TARGET_STM\TARGET_NUCLEO_F103RB\system_stm32f10x.c 0x00000000   Number         0  system_stm32f10x.o ABSOLUTE
    C:\work\mbed\github-new\libraries\mbed\targets\hal\TARGET_STM\TARGET_NUCLEO_F103RB\analogin_api.c 0x00000000   Number         0  analogin_api.o ABSOLUTE
    C:\work\mbed\github-new\libraries\mbed\targets\hal\TARGET_STM\TARGET_NUCLEO_F103RB\mbed_overrides.c 0x00000000   Number         0  mbed_overrides.o ABSOLUTE
    C:\work\mbed\github-new\libraries\mbed\targets\hal\TARGET_STM\TARGET_NUCLEO_F103RB\pinmap.c 0x00000000   Number         0  pinmap.o ABSOLUTE
    C:\work\mbed\github-new\libraries\mbed\targets\hal\TARGET_STM\TARGET_NUCLEO_F103RB\serial_api.c 0x00000000   Number         0  serial_api.o ABSOLUTE
    C:\work\mbed\github-new\libraries\mbed\targets\hal\TARGET_STM\TARGET_NUCLEO_F103RB\us_ticker.c 0x00000000   Number         0  us_ticker.o ABSOLUTE
    cdrcmple.s                               0x00000000   Number         0  cdrcmple.o ABSOLUTE
    dc.s                                     0x00000000   Number         0  dc.o ABSOLUTE
    handlers.s                               0x00000000   Number         0  handlers.o ABSOLUTE
    init.s                                   0x00000000   Number         0  init.o ABSOLUTE
    src\\main.cpp                            0x00000000   Number         0  main.o ABSOLUTE
    src\main.cpp                             0x00000000   Number         0  main.o ABSOLUTE
    RESET                                    0x08000000   Section      236  startup_stm32f10x_md.o(RESET)
    .ARM.Collect$$$$00000000                 0x080000ec   Section        0  entry.o(.ARM.Collect$$$$00000000)
    .ARM.Collect$$$$00000001                 0x080000ec   Section        4  entry2.o(.ARM.Collect$$$$00000001)
    .ARM.Collect$$$$00000004                 0x080000f0   Section        4  entry5.o(.ARM.Collect$$$$00000004)
    .ARM.Collect$$$$00000006                 0x080000f4   Section        4  entry6b.o(.ARM.Collect$$$$00000006)
    .ARM.Collect$$$$00000008                 0x080000f8   Section        0  entry7b.o(.ARM.Collect$$$$00000008)
    .ARM.Collect$$$$00000009                 0x080000f8   Section        4  entry8a.o(.ARM.Collect$$$$00000009)
    .ARM.Collect$$$$0000000A                 0x080000fc   Section        0  entry8b.o(.ARM.Collect$$$$0000000A)
    .ARM.Collect$$$$0000000B                 0x080000fc   Section        8  entry9a.o(.ARM.Collect$$$$0000000B)
    .ARM.Collect$$$$0000000D                 0x08000104   Section        0  entry10a.o(.ARM.Collect$$$$0000000D)
    .ARM.Collect$$$$0000000F                 0x08000104   Section        0  entry11a.o(.ARM.Collect$$$$0000000F)
    .ARM.Collect$$$$00002712                 0x08000104   Section        4  entry2.o(.ARM.Collect$$$$00002712)
    __lit__00000000                          0x08000104   Data           4  entry2.o(.ARM.Collect$$$$00002712)
    .text                                    0x08000108   Section        0  main.o(.text)
    __sti___8_main_cpp_IR1                   0x08000183   Thumb Code    44  main.o(.text)
    .text                                    0x080001e4   Section       36  startup_stm32f10x_md.o(.text)
    .text                                    0x08000208   Section        0  initio_oe.o(.text)
    .text                                    0x08000228   Section        0  memmovea.o(.text)
    .text                                    0x08000268   Section        0  strlen.o(.text)
    .text                                    0x08000276   Section        0  strcmp.o(.text)
    .text                                    0x08000292   Section        0  strncmp.o(.text)
    .text                                    0x080002b0   Section        0  __0sscanf.o(.text)
    .text                                    0x080002e8   Section        0  _scanf_int.o(.text)
    .text                                    0x08000434   Section        0  cpp_init.o(.text)
    .text                                    0x08000454   Section        0  fmul.o(.text)
    .text                                    0x080004b8   Section        0  ffixi.o(.text)
    .text                                    0x080004ea   Section        0  fputc_fp.o(.text)
    .text                                    0x08000512   Section        0  uidiv.o(.text)
    .text                                    0x0800053e   Section        0  uldiv.o(.text)
    .text                                    0x080005a0   Section        0  _chval.o(.text)
    .text                                    0x080005bc   Section        0  scanf_char.o(.text)
    _scanf_char_input                        0x080005bd   Thumb Code    12  scanf_char.o(.text)
    .text                                    0x080005e4   Section        0  _sgetc.o(.text)
    .text                                    0x08000624   Section        0  iusefp.o(.text)
    .text                                    0x08000624   Section        0  dadd.o(.text)
    .text                                    0x08000772   Section        0  dmul.o(.text)
    .text                                    0x08000856   Section        0  ddiv.o(.text)
    .text                                    0x08000934   Section        0  dfixul.o(.text)
    .text                                    0x08000964   Section       48  cdrcmple.o(.text)
    .text                                    0x08000994   Section       36  init.o(.text)
    .text                                    0x080009b8   Section        0  llshl.o(.text)
    .text                                    0x080009d6   Section        0  llushr.o(.text)
    .text                                    0x080009f6   Section        0  llsshr.o(.text)
    .text                                    0x08000a1a   Section        0  isspace_c.o(.text)
    .text                                    0x08000a24   Section        0  _scanf.o(.text)
    .text                                    0x08000d50   Section        0  depilogue.o(.text)
    .text                                    0x08000e0c   Section        0  ctype_c.o(.text)
    i.$Sub$$main                             0x08000e34   Section        0  retarget.o(i.$Sub$$main)
    i.ADC_Cmd                                0x08000e46   Section        0  stm32f10x_adc.o(i.ADC_Cmd)
    i.ADC_GetCalibrationStatus               0x08000e58   Section        0  stm32f10x_adc.o(i.ADC_GetCalibrationStatus)
    i.ADC_GetConversionValue                 0x08000e68   Section        0  stm32f10x_adc.o(i.ADC_GetConversionValue)
    i.ADC_GetFlagStatus                      0x08000e6e   Section        0  stm32f10x_adc.o(i.ADC_GetFlagStatus)
    i.ADC_GetResetCalibrationStatus          0x08000e7c   Section        0  stm32f10x_adc.o(i.ADC_GetResetCalibrationStatus)
    i.ADC_Init                               0x08000e8c   Section        0  stm32f10x_adc.o(i.ADC_Init)
    i.ADC_RegularChannelConfig               0x08000ed8   Section        0  stm32f10x_adc.o(i.ADC_RegularChannelConfig)
    i.ADC_ResetCalibration                   0x08000f6a   Section        0  stm32f10x_adc.o(i.ADC_ResetCalibration)
    i.ADC_SoftwareStartConvCmd               0x08000f74   Section        0  stm32f10x_adc.o(i.ADC_SoftwareStartConvCmd)
    i.ADC_StartCalibration                   0x08000f86   Section        0  stm32f10x_adc.o(i.ADC_StartCalibration)
    i.GPIO_Init                              0x08000f90   Section        0  stm32f10x_gpio.o(i.GPIO_Init)
    i.GPIO_PinRemapConfig                    0x0800103c   Section        0  stm32f10x_gpio.o(i.GPIO_PinRemapConfig)
    i.NVIC_SetVector                         0x080010a8   Section        0  cmsis_nvic.o(i.NVIC_SetVector)
    i.RCC_ADCCLKConfig                       0x08001114   Section        0  stm32f10x_rcc.o(i.RCC_ADCCLKConfig)
    i.RCC_APB1PeriphClockCmd                 0x08001128   Section        0  stm32f10x_rcc.o(i.RCC_APB1PeriphClockCmd)
    i.RCC_APB2PeriphClockCmd                 0x08001140   Section        0  stm32f10x_rcc.o(i.RCC_APB2PeriphClockCmd)
    i.RCC_GetClocksFreq                      0x08001158   Section        0  stm32f10x_rcc.o(i.RCC_GetClocksFreq)
    i.SetSysClock_PLL_HSE                    0x08001204   Section        0  system_stm32f10x.o(i.SetSysClock_PLL_HSE)
    i.SystemCoreClockUpdate                  0x080012bc   Section        0  system_stm32f10x.o(i.SystemCoreClockUpdate)
    i.SystemInit                             0x0800132c   Section        0  system_stm32f10x.o(i.SystemInit)
    i.TIM_ClearITPendingBit                  0x080013f0   Section        0  stm32f10x_tim.o(i.TIM_ClearITPendingBit)
    i.TIM_Cmd                                0x080013f6   Section        0  stm32f10x_tim.o(i.TIM_Cmd)
    i.TIM_GetITStatus                        0x08001408   Section        0  stm32f10x_tim.o(i.TIM_GetITStatus)
    i.TIM_ITConfig                           0x0800141e   Section        0  stm32f10x_tim.o(i.TIM_ITConfig)
    i.TIM_SetCompare1                        0x0800142e   Section        0  stm32f10x_tim.o(i.TIM_SetCompare1)
    i.TIM_TimeBaseInit                       0x08001434   Section        0  stm32f10x_tim.o(i.TIM_TimeBaseInit)
    i.TIM_TimeBaseStructInit                 0x080014d0   Section        0  stm32f10x_tim.o(i.TIM_TimeBaseStructInit)
    i.USART_Cmd                              0x080014e2   Section        0  stm32f10x_usart.o(i.USART_Cmd)
    i.USART_GetFlagStatus                    0x080014f4   Section        0  stm32f10x_usart.o(i.USART_GetFlagStatus)
    i.USART_Init                             0x08001504   Section        0  stm32f10x_usart.o(i.USART_Init)
    i.USART_SendData                         0x080015b8   Section        0  stm32f10x_usart.o(i.USART_SendData)
    i._ZN4mbed8AnalogIn8read_u16Ev           0x080015c0   Section        0  main.o(i._ZN4mbed8AnalogIn8read_u16Ev)
    i._ZN4mbed8AnalogInC1E7PinName           0x080015cc   Section        0  main.o(i._ZN4mbed8AnalogInC1E7PinName)
    i._ZN4mbed8FileBase11getPathTypeEv       0x080015de   Section        0  FileBase.o(i._ZN4mbed8FileBase11getPathTypeEv)
    i._ZN4mbed8FileBase6lookupEPKcj          0x080015e4   Section        0  FileBase.o(i._ZN4mbed8FileBase6lookupEPKcj)
    i._ZN4mbed8FilePath10fileSystemEv        0x0800161c   Section        0  FilePath.o(i._ZN4mbed8FilePath10fileSystemEv)
    i._ZN4mbed8FilePath4fileEv               0x08001634   Section        0  FilePath.o(i._ZN4mbed8FilePath4fileEv)
    i._ZN4mbed8FilePath6existsEv             0x08001650   Section        0  FilePath.o(i._ZN4mbed8FilePath6existsEv)
    i._ZN4mbed8FilePath6isFileEv             0x0800165a   Section        0  FilePath.o(i._ZN4mbed8FilePath6isFileEv)
    i._ZN4mbed8FilePath8fileNameEv           0x08001672   Section        0  FilePath.o(i._ZN4mbed8FilePath8fileNameEv)
    i._ZN4mbed8FilePathC1EPKc                0x08001676   Section        0  FilePath.o(i._ZN4mbed8FilePathC1EPKc)
    i.__0fprintf                             0x080016b8   Section        0  printfa.o(i.__0fprintf)
    i.__0printf                              0x080016d4   Section        0  printfa.o(i.__0printf)
    i.__0vfprintf                            0x080016f4   Section        0  printfa.o(i.__0vfprintf)
    i.__scatterload_copy                     0x0800170c   Section       14  handlers.o(i.__scatterload_copy)
    i.__scatterload_null                     0x0800171a   Section        2  handlers.o(i.__scatterload_null)
    i.__scatterload_zeroinit                 0x0800171c   Section       14  handlers.o(i.__scatterload_zeroinit)
    i._fflush$full                           0x0800172a   Section        0  fflush_f.o(i._fflush$full)
    i._fp_digits                             0x08001744   Section        0  printfa.o(i._fp_digits)
    _fp_digits                               0x08001745   Thumb Code   334  printfa.o(i._fp_digits)
    i._printf_core                           0x080018a8   Section        0  printfa.o(i._printf_core)
    _printf_core                             0x080018a9   Thumb Code  1744  printfa.o(i._printf_core)
    i._printf_post_padding                   0x08001f84   Section        0  printfa.o(i._printf_post_padding)
    _printf_post_padding                     0x08001f85   Thumb Code    36  printfa.o(i._printf_post_padding)
    i._printf_pre_padding                    0x08001fa8   Section        0  printfa.o(i._printf_pre_padding)
    _printf_pre_padding                      0x08001fa9   Thumb Code    46  printfa.o(i._printf_pre_padding)
    i._sys_open                              0x08001fd8   Section        0  retarget.o(i._sys_open)
    i._sys_seek                              0x080020bc   Section        0  retarget.o(i._sys_seek)
    i._sys_write                             0x080020e4   Section        0  retarget.o(i._sys_write)
    i.analogin_init                          0x08002144   Section        0  analogin_api.o(i.analogin_init)
    i.analogin_read_u16                      0x08002200   Section        0  analogin_api.o(i.analogin_read_u16)
    i.error                                  0x080022b4   Section        0  error.o(i.error)
    i.exit                                   0x080022cc   Section        0  exit.o(i.exit)
    i.mbed_assert_internal                   0x080022ec   Section        0  assert.o(i.mbed_assert_internal)
    i.mbed_die                               0x0800233c   Section        0  board.o(i.mbed_die)
    i.mbed_main                              0x0800234c   Section        0  retarget.o(i.mbed_main)
    i.mbed_sdk_init                          0x0800234e   Section        0  mbed_overrides.o(i.mbed_sdk_init)
    i.pin_function                           0x08002354   Section        0  pinmap.o(i.pin_function)
    i.pin_mode                               0x08002454   Section        0  pinmap.o(i.pin_mode)
    i.pinmap_merge                           0x0800254c   Section        0  pinmap_common.o(i.pinmap_merge)
    i.pinmap_peripheral                      0x08002584   Section        0  pinmap_common.o(i.pinmap_peripheral)
    i.pinmap_pinout                          0x080025e0   Section        0  pinmap_common.o(i.pinmap_pinout)
    i.serial_init                            0x08002638   Section        0  serial_api.o(i.serial_init)
    i.serial_putc                            0x08002794   Section        0  serial_api.o(i.serial_putc)
    i.tim_irq_handler                        0x080027b4   Section        0  us_ticker.o(i.tim_irq_handler)
    tim_irq_handler                          0x080027b5   Thumb Code   128  us_ticker.o(i.tim_irq_handler)
    i.us_ticker_clear_interrupt              0x08002840   Section        0  us_ticker.o(i.us_ticker_clear_interrupt)
    i.us_ticker_disable_interrupt            0x0800284c   Section        0  us_ticker.o(i.us_ticker_disable_interrupt)
    i.us_ticker_irq_handler                  0x0800285c   Section        0  us_ticker_api.o(i.us_ticker_irq_handler)
    i.us_ticker_read                         0x080028a0   Section        0  us_ticker.o(i.us_ticker_read)
    i.us_ticker_set_interrupt                0x08002944   Section        0  us_ticker.o(i.us_ticker_set_interrupt)
    i.wait                                   0x08002a48   Section        0  wait_api.o(i.wait)
    i.wait_ms                                0x08002a6c   Section        0  wait_api.o(i.wait_ms)
    .constdata                               0x08002a88   Section      302  analogin_api.o(.constdata)
    PinMap_ADC                               0x08002a88   Data         204  analogin_api.o(.constdata)
    .constdata                               0x08002bb8   Section      240  serial_api.o(.constdata)
    PinMap_UART_TX                           0x08002bb8   Data          72  serial_api.o(.constdata)
    PinMap_UART_RX                           0x08002c00   Data          72  serial_api.o(.constdata)
    .constdata                               0x08002ca8   Section      160  pinmap.o(.constdata)
    AF_mapping                               0x08002ca8   Data          40  pinmap.o(.constdata)
    .constdata                               0x08002d48   Section       64  ctype_c.o(.constdata)
    .init_array                              0x08002da8   Section        4  main.o(.init_array)
    .init_array                              0x08002dac   Section        0  cpp_init.o(.init_array)
    .data                                    0x200000ec   Section       40  main.o(.data)
    .data                                    0x20000114   Section       20  stm32f10x_rcc.o(.data)
    ADCPrescTable                            0x20000114   Data           4  stm32f10x_rcc.o(.data)
    APBAHBPrescTable                         0x20000118   Data          16  stm32f10x_rcc.o(.data)
    .data                                    0x20000128   Section        4  retarget.o(.data)
    n                                        0x20000128   Data           4  retarget.o(.data)
    .data                                    0x2000012c   Section       20  system_stm32f10x.o(.data)
    .data                                    0x20000140   Section        4  analogin_api.o(.data)
    .data                                    0x20000144   Section        8  serial_api.o(.data)
    irq_handler                              0x20000148   Data           4  serial_api.o(.data)
    .data                                    0x2000014c   Section       16  us_ticker.o(.data)
    oc_rem_part                              0x2000014c   Data           2  us_ticker.o(.data)
    us_ticker_inited                         0x20000150   Data           4  us_ticker.o(.data)
    SlaveCounter                             0x20000154   Data           4  us_ticker.o(.data)
    oc_int_part                              0x20000158   Data           4  us_ticker.o(.data)
    .data                                    0x2000015c   Section        4  FileBase.o(.data)
    .data                                    0x20000160   Section        8  us_ticker_api.o(.data)
    head                                     0x20000160   Data           4  us_ticker_api.o(.data)
    event_handler                            0x20000164   Data           4  us_ticker_api.o(.data)
    .bss                                     0x20000168   Section       64  retarget.o(.bss)
    filehandles                              0x20000168   Data          64  retarget.o(.bss)
    .bss                                     0x200001a8   Section       40  serial_api.o(.bss)
    serial_irq_ids                           0x200001a8   Data          12  serial_api.o(.bss)
    .bss                                     0x200001d0   Section       20  stdout_f.o(.bss)
    .bss                                     0x200001e4   Section       20  stderr_f.o(.bss)

    Global Symbols

    Symbol Name                              Value     Ov Type        Size  Object(Section)

    BuildAttributes$$THM_ISAv4$P$D$K$B$S$PE$A:L22UL41UL21$X:L11$S22US41US21$IEEE1$IW$USESV6$~STKCKD$USESV7$~SHL$OTIME$ROPI$EBA8$UX$MICROLIB$REQ8$PRES8$EABIv2 0x00000000   Number         0  anon$$obj.o ABSOLUTE
    __ARM_use_no_argv                        0x00000000   Number         0  main.o ABSOLUTE
    _printf_a                                0x00000000   Number         0  stubs.o ABSOLUTE
    _printf_c                                0x00000000   Number         0  stubs.o ABSOLUTE
    _printf_charcount                        0x00000000   Number         0  stubs.o ABSOLUTE
    _printf_d                                0x00000000   Number         0  stubs.o ABSOLUTE
    _printf_e                                0x00000000   Number         0  stubs.o ABSOLUTE
    _printf_f                                0x00000000   Number         0  stubs.o ABSOLUTE
    _printf_flags                            0x00000000   Number         0  stubs.o ABSOLUTE
    _printf_fp_dec                           0x00000000   Number         0  stubs.o ABSOLUTE
    _printf_fp_hex                           0x00000000   Number         0  stubs.o ABSOLUTE
    _printf_g                                0x00000000   Number         0  stubs.o ABSOLUTE
    _printf_i                                0x00000000   Number         0  stubs.o ABSOLUTE
    _printf_int_dec                          0x00000000   Number         0  stubs.o ABSOLUTE
    _printf_l                                0x00000000   Number         0  stubs.o ABSOLUTE
    _printf_lc                               0x00000000   Number         0  stubs.o ABSOLUTE
    _printf_ll                               0x00000000   Number         0  stubs.o ABSOLUTE
    _printf_lld                              0x00000000   Number         0  stubs.o ABSOLUTE
    _printf_lli                              0x00000000   Number         0  stubs.o ABSOLUTE
    _printf_llo                              0x00000000   Number         0  stubs.o ABSOLUTE
    _printf_llu                              0x00000000   Number         0  stubs.o ABSOLUTE
    _printf_llx                              0x00000000   Number         0  stubs.o ABSOLUTE
    _printf_longlong_dec                     0x00000000   Number         0  stubs.o ABSOLUTE
    _printf_longlong_hex                     0x00000000   Number         0  stubs.o ABSOLUTE
    _printf_longlong_oct                     0x00000000   Number         0  stubs.o ABSOLUTE
    _printf_ls                               0x00000000   Number         0  stubs.o ABSOLUTE
    _printf_mbtowc                           0x00000000   Number         0  stubs.o ABSOLUTE
    _printf_n                                0x00000000   Number         0  stubs.o ABSOLUTE
    _printf_o                                0x00000000   Number         0  stubs.o ABSOLUTE
    _printf_p                                0x00000000   Number         0  stubs.o ABSOLUTE
    _printf_percent                          0x00000000   Number         0  stubs.o ABSOLUTE
    _printf_pre_padding                      0x00000000   Number         0  stubs.o ABSOLUTE
    _printf_return_value                     0x00000000   Number         0  stubs.o ABSOLUTE
    _printf_s                                0x00000000   Number         0  stubs.o ABSOLUTE
    _printf_sizespec                         0x00000000   Number         0  stubs.o ABSOLUTE
    _printf_str                              0x00000000   Number         0  stubs.o ABSOLUTE
    _printf_truncate_signed                  0x00000000   Number         0  stubs.o ABSOLUTE
    _printf_truncate_unsigned                0x00000000   Number         0  stubs.o ABSOLUTE
    _printf_u                                0x00000000   Number         0  stubs.o ABSOLUTE
    _printf_wc                               0x00000000   Number         0  stubs.o ABSOLUTE
    _printf_wctomb                           0x00000000   Number         0  stubs.o ABSOLUTE
    _printf_widthprec                        0x00000000   Number         0  stubs.o ABSOLUTE
    _printf_x                                0x00000000   Number         0  stubs.o ABSOLUTE
    __ARM::default_unexpected_handler()       - Undefined Weak Reference
    __ARM_exceptions_buffer_required          - Undefined Weak Reference
    __cxa_finalize                            - Undefined Weak Reference
    __decompress                              - Undefined Weak Reference
    _clock_init                               - Undefined Weak Reference
    _microlib_exit                            - Undefined Weak Reference
    _scanf_longlong                           - Undefined Weak Reference
    _scanf_real                               - Undefined Weak Reference
    _scanf_string                             - Undefined Weak Reference
    __Vectors_Size                           0x000000ec   Number         0  startup_stm32f10x_md.o ABSOLUTE
    __Vectors                                0x08000000   Data           4  startup_stm32f10x_md.o(RESET)
    __Vectors_End                            0x080000ec   Data           0  startup_stm32f10x_md.o(RESET)
    __main                                   0x080000ed   Thumb Code     0  entry.o(.ARM.Collect$$$$00000000)
    _main_stk                                0x080000ed   Thumb Code     0  entry2.o(.ARM.Collect$$$$00000001)
    _main_scatterload                        0x080000f1   Thumb Code     0  entry5.o(.ARM.Collect$$$$00000004)
    __main_after_scatterload                 0x080000f5   Thumb Code     0  entry5.o(.ARM.Collect$$$$00000004)
    __use_full_stdio                         0x080000f5   Thumb Code     0  entry6b.o(.ARM.Collect$$$$00000006)
    __main_after_initio                      0x080000f9   Thumb Code     0  entry6b.o(.ARM.Collect$$$$00000006)
    _main_clock                              0x080000f9   Thumb Code     0  entry7b.o(.ARM.Collect$$$$00000008)
    _main_cpp_init$empty                     0x080000f9   Thumb Code     0  entry8a.o(.ARM.Collect$$$$00000009)
    _main_cpp_init                           0x080000fd   Thumb Code     0  entry8b.o(.ARM.Collect$$$$0000000A)
    _main_init                               0x080000fd   Thumb Code     0  entry9a.o(.ARM.Collect$$$$0000000B)
    __rt_final_cpp                           0x08000105   Thumb Code     0  entry10a.o(.ARM.Collect$$$$0000000D)
    __rt_final_exit                          0x08000105   Thumb Code     0  entry11a.o(.ARM.Collect$$$$0000000F)
    $Super$$main                             0x08000109   Thumb Code   122  main.o(.text)
    Reset_Handler                            0x080001e5   Thumb Code     8  startup_stm32f10x_md.o(.text)
    NMI_Handler                              0x080001ed   Thumb Code     2  startup_stm32f10x_md.o(.text)
    HardFault_Handler                        0x080001ef   Thumb Code     2  startup_stm32f10x_md.o(.text)
    MemManage_Handler                        0x080001f1   Thumb Code     2  startup_stm32f10x_md.o(.text)
    BusFault_Handler                         0x080001f3   Thumb Code     2  startup_stm32f10x_md.o(.text)
    UsageFault_Handler                       0x080001f5   Thumb Code     2  startup_stm32f10x_md.o(.text)
    SVC_Handler                              0x080001f7   Thumb Code     2  startup_stm32f10x_md.o(.text)
    DebugMon_Handler                         0x080001f9   Thumb Code     2  startup_stm32f10x_md.o(.text)
    PendSV_Handler                           0x080001fb   Thumb Code     2  startup_stm32f10x_md.o(.text)
    SysTick_Handler                          0x080001fd   Thumb Code     2  startup_stm32f10x_md.o(.text)
    ADC1_2_IRQHandler                        0x080001ff   Thumb Code     0  startup_stm32f10x_md.o(.text)
    CAN1_RX1_IRQHandler                      0x080001ff   Thumb Code     0  startup_stm32f10x_md.o(.text)
    CAN1_SCE_IRQHandler                      0x080001ff   Thumb Code     0  startup_stm32f10x_md.o(.text)
    DMA1_Channel1_IRQHandler                 0x080001ff   Thumb Code     0  startup_stm32f10x_md.o(.text)
    DMA1_Channel2_IRQHandler                 0x080001ff   Thumb Code     0  startup_stm32f10x_md.o(.text)
    DMA1_Channel3_IRQHandler                 0x080001ff   Thumb Code     0  startup_stm32f10x_md.o(.text)
    DMA1_Channel4_IRQHandler                 0x080001ff   Thumb Code     0  startup_stm32f10x_md.o(.text)
    DMA1_Channel5_IRQHandler                 0x080001ff   Thumb Code     0  startup_stm32f10x_md.o(.text)
    DMA1_Channel6_IRQHandler                 0x080001ff   Thumb Code     0  startup_stm32f10x_md.o(.text)
    DMA1_Channel7_IRQHandler                 0x080001ff   Thumb Code     0  startup_stm32f10x_md.o(.text)
    EXTI0_IRQHandler                         0x080001ff   Thumb Code     0  startup_stm32f10x_md.o(.text)
    EXTI15_10_IRQHandler                     0x080001ff   Thumb Code     0  startup_stm32f10x_md.o(.text)
    EXTI1_IRQHandler                         0x080001ff   Thumb Code     0  startup_stm32f10x_md.o(.text)
    EXTI2_IRQHandler                         0x080001ff   Thumb Code     0  startup_stm32f10x_md.o(.text)
    EXTI3_IRQHandler                         0x080001ff   Thumb Code     0  startup_stm32f10x_md.o(.text)
    EXTI4_IRQHandler                         0x080001ff   Thumb Code     0  startup_stm32f10x_md.o(.text)
    EXTI9_5_IRQHandler                       0x080001ff   Thumb Code     0  startup_stm32f10x_md.o(.text)
    FLASH_IRQHandler                         0x080001ff   Thumb Code     0  startup_stm32f10x_md.o(.text)
    I2C1_ER_IRQHandler                       0x080001ff   Thumb Code     0  startup_stm32f10x_md.o(.text)
    I2C1_EV_IRQHandler                       0x080001ff   Thumb Code     0  startup_stm32f10x_md.o(.text)
    I2C2_ER_IRQHandler                       0x080001ff   Thumb Code     0  startup_stm32f10x_md.o(.text)
    I2C2_EV_IRQHandler                       0x080001ff   Thumb Code     0  startup_stm32f10x_md.o(.text)
    PVD_IRQHandler                           0x080001ff   Thumb Code     0  startup_stm32f10x_md.o(.text)
    RCC_IRQHandler                           0x080001ff   Thumb Code     0  startup_stm32f10x_md.o(.text)
    RTCAlarm_IRQHandler                      0x080001ff   Thumb Code     0  startup_stm32f10x_md.o(.text)
    RTC_IRQHandler                           0x080001ff   Thumb Code     0  startup_stm32f10x_md.o(.text)
    SPI1_IRQHandler                          0x080001ff   Thumb Code     0  startup_stm32f10x_md.o(.text)
    SPI2_IRQHandler                          0x080001ff   Thumb Code     0  startup_stm32f10x_md.o(.text)
    TAMPER_IRQHandler                        0x080001ff   Thumb Code     0  startup_stm32f10x_md.o(.text)
    TIM1_BRK_IRQHandler                      0x080001ff   Thumb Code     0  startup_stm32f10x_md.o(.text)
    TIM1_CC_IRQHandler                       0x080001ff   Thumb Code     0  startup_stm32f10x_md.o(.text)
    TIM1_TRG_COM_IRQHandler                  0x080001ff   Thumb Code     0  startup_stm32f10x_md.o(.text)
    TIM1_UP_IRQHandler                       0x080001ff   Thumb Code     0  startup_stm32f10x_md.o(.text)
    TIM2_IRQHandler                          0x080001ff   Thumb Code     0  startup_stm32f10x_md.o(.text)
    TIM3_IRQHandler                          0x080001ff   Thumb Code     0  startup_stm32f10x_md.o(.text)
    TIM4_IRQHandler                          0x080001ff   Thumb Code     0  startup_stm32f10x_md.o(.text)
    USART1_IRQHandler                        0x080001ff   Thumb Code     0  startup_stm32f10x_md.o(.text)
    USART2_IRQHandler                        0x080001ff   Thumb Code     0  startup_stm32f10x_md.o(.text)
    USART3_IRQHandler                        0x080001ff   Thumb Code     0  startup_stm32f10x_md.o(.text)
    USBWakeUp_IRQHandler                     0x080001ff   Thumb Code     0  startup_stm32f10x_md.o(.text)
    USB_HP_CAN1_TX_IRQHandler                0x080001ff   Thumb Code     0  startup_stm32f10x_md.o(.text)
    USB_LP_CAN1_RX0_IRQHandler               0x080001ff   Thumb Code     0  startup_stm32f10x_md.o(.text)
    WWDG_IRQHandler                          0x080001ff   Thumb Code     0  startup_stm32f10x_md.o(.text)
    _initio                                  0x08000209   Thumb Code    20  initio_oe.o(.text)
    ___aeabi_memcpy4$move                    0x08000229   Thumb Code     0  memmovea.o(.text)
    ___aeabi_memcpy8$move                    0x08000229   Thumb Code     0  memmovea.o(.text)
    __aeabi_memcpy                           0x08000229   Thumb Code    64  memmovea.o(.text)
    __aeabi_memmove                          0x08000229   Thumb Code     0  memmovea.o(.text)
    __aeabi_memmove4                         0x08000229   Thumb Code     0  memmovea.o(.text)
    __aeabi_memmove8                         0x08000229   Thumb Code     0  memmovea.o(.text)
    strlen                                   0x08000269   Thumb Code    14  strlen.o(.text)
    strcmp                                   0x08000277   Thumb Code    28  strcmp.o(.text)
    strncmp                                  0x08000293   Thumb Code    30  strncmp.o(.text)
    __0sscanf                                0x080002b1   Thumb Code    48  __0sscanf.o(.text)
    _scanf_int                               0x080002e9   Thumb Code   332  _scanf_int.o(.text)
    __cpp_initialize__aeabi_                 0x08000435   Thumb Code    22  cpp_init.o(.text)
    __aeabi_fmul                             0x08000455   Thumb Code   100  fmul.o(.text)
    __aeabi_f2iz                             0x080004b9   Thumb Code    50  ffixi.o(.text)
    fputc                                    0x080004eb   Thumb Code    40  fputc_fp.o(.text)
    __aeabi_uidiv                            0x08000513   Thumb Code     0  uidiv.o(.text)
    __aeabi_uidivmod                         0x08000513   Thumb Code    44  uidiv.o(.text)
    __aeabi_uldivmod                         0x0800053f   Thumb Code    98  uldiv.o(.text)
    _chval                                   0x080005a1   Thumb Code    28  _chval.o(.text)
    __vfscanf_char                           0x080005c9   Thumb Code    20  scanf_char.o(.text)
    _sgetc                                   0x080005e5   Thumb Code    30  _sgetc.o(.text)
    _sbackspace                              0x08000603   Thumb Code    34  _sgetc.o(.text)
    __I$use$fp                               0x08000625   Thumb Code     0  iusefp.o(.text)
    __aeabi_dadd                             0x08000625   Thumb Code   322  dadd.o(.text)
    __aeabi_dsub                             0x08000767   Thumb Code     6  dadd.o(.text)
    __aeabi_drsub                            0x0800076d   Thumb Code     6  dadd.o(.text)
    __aeabi_dmul                             0x08000773   Thumb Code   228  dmul.o(.text)
    __aeabi_ddiv                             0x08000857   Thumb Code   222  ddiv.o(.text)
    __aeabi_d2ulz                            0x08000935   Thumb Code    48  dfixul.o(.text)
    __aeabi_cdrcmple                         0x08000965   Thumb Code    48  cdrcmple.o(.text)
    __scatterload                            0x08000995   Thumb Code    28  init.o(.text)
    __scatterload_rt2                        0x08000995   Thumb Code     0  init.o(.text)
    __aeabi_llsl                             0x080009b9   Thumb Code    30  llshl.o(.text)
    _ll_shift_l                              0x080009b9   Thumb Code     0  llshl.o(.text)
    __aeabi_llsr                             0x080009d7   Thumb Code    32  llushr.o(.text)
    _ll_ushift_r                             0x080009d7   Thumb Code     0  llushr.o(.text)
    __aeabi_lasr                             0x080009f7   Thumb Code    36  llsshr.o(.text)
    _ll_sshift_r                             0x080009f7   Thumb Code     0  llsshr.o(.text)
    isspace                                  0x08000a1b   Thumb Code    10  isspace_c.o(.text)
    __vfscanf                                0x08000a25   Thumb Code   808  _scanf.o(.text)
    _double_round                            0x08000d51   Thumb Code    30  depilogue.o(.text)
    _double_epilogue                         0x08000d6f   Thumb Code   156  depilogue.o(.text)
    __ctype_lookup                           0x08000e0d   Thumb Code    34  ctype_c.o(.text)
    main                                     0x08000e35   Thumb Code    18  retarget.o(i.$Sub$$main)
    ADC_Cmd                                  0x08000e47   Thumb Code    18  stm32f10x_adc.o(i.ADC_Cmd)
    ADC_GetCalibrationStatus                 0x08000e59   Thumb Code    16  stm32f10x_adc.o(i.ADC_GetCalibrationStatus)
    ADC_GetConversionValue                   0x08000e69   Thumb Code     6  stm32f10x_adc.o(i.ADC_GetConversionValue)
    ADC_GetFlagStatus                        0x08000e6f   Thumb Code    14  stm32f10x_adc.o(i.ADC_GetFlagStatus)
    ADC_GetResetCalibrationStatus            0x08000e7d   Thumb Code    16  stm32f10x_adc.o(i.ADC_GetResetCalibrationStatus)
    ADC_Init                                 0x08000e8d   Thumb Code    70  stm32f10x_adc.o(i.ADC_Init)
    ADC_RegularChannelConfig                 0x08000ed9   Thumb Code   146  stm32f10x_adc.o(i.ADC_RegularChannelConfig)
    ADC_ResetCalibration                     0x08000f6b   Thumb Code    10  stm32f10x_adc.o(i.ADC_ResetCalibration)
    ADC_SoftwareStartConvCmd                 0x08000f75   Thumb Code    18  stm32f10x_adc.o(i.ADC_SoftwareStartConvCmd)
    ADC_StartCalibration                     0x08000f87   Thumb Code    10  stm32f10x_adc.o(i.ADC_StartCalibration)
    GPIO_Init                                0x08000f91   Thumb Code   170  stm32f10x_gpio.o(i.GPIO_Init)
    GPIO_PinRemapConfig                      0x0800103d   Thumb Code   102  stm32f10x_gpio.o(i.GPIO_PinRemapConfig)
    NVIC_SetVector                           0x080010a9   Thumb Code   102  cmsis_nvic.o(i.NVIC_SetVector)
    RCC_ADCCLKConfig                         0x08001115   Thumb Code    14  stm32f10x_rcc.o(i.RCC_ADCCLKConfig)
    RCC_APB1PeriphClockCmd                   0x08001129   Thumb Code    18  stm32f10x_rcc.o(i.RCC_APB1PeriphClockCmd)
    RCC_APB2PeriphClockCmd                   0x08001141   Thumb Code    18  stm32f10x_rcc.o(i.RCC_APB2PeriphClockCmd)
    RCC_GetClocksFreq                        0x08001159   Thumb Code   152  stm32f10x_rcc.o(i.RCC_GetClocksFreq)
    SetSysClock_PLL_HSE                      0x08001205   Thumb Code   174  system_stm32f10x.o(i.SetSysClock_PLL_HSE)
    SystemCoreClockUpdate                    0x080012bd   Thumb Code    90  system_stm32f10x.o(i.SystemCoreClockUpdate)
    SystemInit                               0x0800132d   Thumb Code   178  system_stm32f10x.o(i.SystemInit)
    TIM_ClearITPendingBit                    0x080013f1   Thumb Code     6  stm32f10x_tim.o(i.TIM_ClearITPendingBit)
    TIM_Cmd                                  0x080013f7   Thumb Code    18  stm32f10x_tim.o(i.TIM_Cmd)
    TIM_GetITStatus                          0x08001409   Thumb Code    22  stm32f10x_tim.o(i.TIM_GetITStatus)
    TIM_ITConfig                             0x0800141f   Thumb Code    16  stm32f10x_tim.o(i.TIM_ITConfig)
    TIM_SetCompare1                          0x0800142f   Thumb Code     4  stm32f10x_tim.o(i.TIM_SetCompare1)
    TIM_TimeBaseInit                         0x08001435   Thumb Code   148  stm32f10x_tim.o(i.TIM_TimeBaseInit)
    TIM_TimeBaseStructInit                   0x080014d1   Thumb Code    18  stm32f10x_tim.o(i.TIM_TimeBaseStructInit)
    USART_Cmd                                0x080014e3   Thumb Code    18  stm32f10x_usart.o(i.USART_Cmd)
    USART_GetFlagStatus                      0x080014f5   Thumb Code    14  stm32f10x_usart.o(i.USART_GetFlagStatus)
    USART_Init                               0x08001505   Thumb Code   174  stm32f10x_usart.o(i.USART_Init)
    USART_SendData                           0x080015b9   Thumb Code     8  stm32f10x_usart.o(i.USART_SendData)
    mbed::AnalogIn::read_u16()               0x080015c1   Thumb Code    12  main.o(i._ZN4mbed8AnalogIn8read_u16Ev)
    mbed::AnalogIn::AnalogIn(PinName)        0x080015cd   Thumb Code    18  main.o(i._ZN4mbed8AnalogInC1E7PinName)
    mbed::AnalogIn::AnalogIn__sub_object(PinName) 0x080015cd   Thumb Code     0  main.o(i._ZN4mbed8AnalogInC1E7PinName)
    mbed::FileBase::getPathType()            0x080015df   Thumb Code     4  FileBase.o(i._ZN4mbed8FileBase11getPathTypeEv)
    mbed::FileBase::lookup(const char*, unsigned) 0x080015e5   Thumb Code    50  FileBase.o(i._ZN4mbed8FileBase6lookupEPKcj)
    mbed::FilePath::fileSystem()             0x0800161d   Thumb Code    24  FilePath.o(i._ZN4mbed8FilePath10fileSystemEv)
    mbed::FilePath::file()                   0x08001635   Thumb Code    28  FilePath.o(i._ZN4mbed8FilePath4fileEv)
    mbed::FilePath::exists()                 0x08001651   Thumb Code    10  FilePath.o(i._ZN4mbed8FilePath6existsEv)
    mbed::FilePath::isFile()                 0x0800165b   Thumb Code    24  FilePath.o(i._ZN4mbed8FilePath6isFileEv)
    mbed::FilePath::fileName()               0x08001673   Thumb Code     4  FilePath.o(i._ZN4mbed8FilePath8fileNameEv)
    mbed::FilePath::FilePath(const char*)    0x08001677   Thumb Code    64  FilePath.o(i._ZN4mbed8FilePathC1EPKc)
    mbed::FilePath::FilePath__sub_object(const char*) 0x08001677   Thumb Code     0  FilePath.o(i._ZN4mbed8FilePathC1EPKc)
    __0fprintf                               0x080016b9   Thumb Code    22  printfa.o(i.__0fprintf)
    __1fprintf                               0x080016b9   Thumb Code     0  printfa.o(i.__0fprintf)
    __2fprintf                               0x080016b9   Thumb Code     0  printfa.o(i.__0fprintf)
    __c89fprintf                             0x080016b9   Thumb Code     0  printfa.o(i.__0fprintf)
    fprintf                                  0x080016b9   Thumb Code     0  printfa.o(i.__0fprintf)
    __0printf                                0x080016d5   Thumb Code    22  printfa.o(i.__0printf)
    __1printf                                0x080016d5   Thumb Code     0  printfa.o(i.__0printf)
    __2printf                                0x080016d5   Thumb Code     0  printfa.o(i.__0printf)
    __c89printf                              0x080016d5   Thumb Code     0  printfa.o(i.__0printf)
    printf                                   0x080016d5   Thumb Code     0  printfa.o(i.__0printf)
    __0vfprintf                              0x080016f5   Thumb Code    20  printfa.o(i.__0vfprintf)
    __1vfprintf                              0x080016f5   Thumb Code     0  printfa.o(i.__0vfprintf)
    __2vfprintf                              0x080016f5   Thumb Code     0  printfa.o(i.__0vfprintf)
    __c89vfprintf                            0x080016f5   Thumb Code     0  printfa.o(i.__0vfprintf)
    vfprintf                                 0x080016f5   Thumb Code     0  printfa.o(i.__0vfprintf)
    __scatterload_copy                       0x0800170d   Thumb Code    14  handlers.o(i.__scatterload_copy)
    __scatterload_null                       0x0800171b   Thumb Code     2  handlers.o(i.__scatterload_null)
    __scatterload_zeroinit                   0x0800171d   Thumb Code    14  handlers.o(i.__scatterload_zeroinit)
    fflush                                   0x0800172b   Thumb Code    24  fflush_f.o(i._fflush$full)
    _sys_open                                0x08001fd9   Thumb Code   212  retarget.o(i._sys_open)
    _sys_seek                                0x080020bd   Thumb Code    36  retarget.o(i._sys_seek)
    _sys_write                               0x080020e5   Thumb Code    82  retarget.o(i._sys_write)
    analogin_init                            0x08002145   Thumb Code   150  analogin_api.o(i.analogin_init)
    analogin_read_u16                        0x08002201   Thumb Code   178  analogin_api.o(i.analogin_read_u16)
    error                                    0x080022b5   Thumb Code    20  error.o(i.error)
    exit                                     0x080022cd   Thumb Code    24  exit.o(i.exit)
    mbed_assert_internal                     0x080022ed   Thumb Code    24  assert.o(i.mbed_assert_internal)
    mbed_die                                 0x0800233d   Thumb Code    16  board.o(i.mbed_die)
    mbed_main                                0x0800234d   Thumb Code     2  retarget.o(i.mbed_main)
    mbed_sdk_init                            0x0800234f   Thumb Code     4  mbed_overrides.o(i.mbed_sdk_init)
    pin_function                             0x08002355   Thumb Code   198  pinmap.o(i.pin_function)
    pin_mode                                 0x08002455   Thumb Code   202  pinmap.o(i.pin_mode)
    pinmap_merge                             0x0800254d   Thumb Code    34  pinmap_common.o(i.pinmap_merge)
    pinmap_peripheral                        0x08002585   Thumb Code    58  pinmap_common.o(i.pinmap_peripheral)
    pinmap_pinout                            0x080025e1   Thumb Code    66  pinmap_common.o(i.pinmap_pinout)
    serial_init                              0x08002639   Thumb Code   294  serial_api.o(i.serial_init)
    serial_putc                              0x08002795   Thumb Code    32  serial_api.o(i.serial_putc)
    us_ticker_clear_interrupt                0x08002841   Thumb Code     8  us_ticker.o(i.us_ticker_clear_interrupt)
    us_ticker_disable_interrupt              0x0800284d   Thumb Code    10  us_ticker.o(i.us_ticker_disable_interrupt)
    us_ticker_irq_handler                    0x0800285d   Thumb Code    62  us_ticker_api.o(i.us_ticker_irq_handler)
    us_ticker_read                           0x080028a1   Thumb Code   136  us_ticker.o(i.us_ticker_read)
    us_ticker_set_interrupt                  0x08002945   Thumb Code   232  us_ticker.o(i.us_ticker_set_interrupt)
    wait                                     0x08002a49   Thumb Code    32  wait_api.o(i.wait)
    wait_ms                                  0x08002a6d   Thumb Code    28  wait_api.o(i.wait_ms)
    __ctype_categories                       0x08002d48   Data          64  ctype_c.o(.constdata)
    Region$$Table$$Base                      0x08002d88   Number         0  anon$$obj.o(Region$$Table)
    Region$$Table$$Limit                     0x08002da8   Number         0  anon$$obj.o(Region$$Table)
    SHT$$INIT_ARRAY$$Base                    0x08002da8   Number         0  main.o(.init_array)
    SHT$$INIT_ARRAY$$Limit                   0x08002dac   Number         0  cpp_init.o(.init_array)
    IR1                                      0x200000ec   Data           8  main.o(.data)
    IR2                                      0x200000f4   Data           8  main.o(.data)
    IR3                                      0x200000fc   Data           8  main.o(.data)
    IR4                                      0x20000104   Data           8  main.o(.data)
    IR5                                      0x2000010c   Data           8  main.o(.data)
    SystemCoreClock                          0x2000012c   Data           4  system_stm32f10x.o(.data)
    AHBPrescTable                            0x20000130   Data          16  system_stm32f10x.o(.data)
    adc_inited                               0x20000140   Data           4  analogin_api.o(.data)
    stdio_uart_inited                        0x20000144   Data           4  serial_api.o(.data)
    mbed::FileBase::_head                    0x2000015c   Data           4  FileBase.o(.data)
    stdio_uart                               0x200001b4   Data          28  serial_api.o(.bss)
    __stdout                                 0x200001d0   Data          20  stdout_f.o(.bss)
    __stderr                                 0x200001e4   Data          20  stderr_f.o(.bss)
    Image$$RW_IRAM1$$ZI$$Limit               0x200001f8   Number         0  anon$$obj.o ABSOLUTE
    __heap_limit                             0x20004c00   Number         0  startup_stm32f10x_md.o ABSOLUTE
    __initial_sp                             0x20005000   Number         0  startup_stm32f10x_md.o ABSOLUTE



==============================================================================

Memory Map of the image

  Image Entry point : 0x080000ed

  Load Region LR_IROM1 (Base: 0x08000000, Size: 0x00002e28, Max: 0x00020000, ABSOLUTE)

    Execution Region ER_IROM1 (Base: 0x08000000, Size: 0x00002dac, Max: 0x00020000, ABSOLUTE)

    Base Addr    Size         Type   Attr      Idx    E Section Name        Object

    0x08000000   0x000000ec   Data   RO          520    RESET               startup_stm32f10x_md.o
    0x080000ec   0x00000000   Code   RO         1884  * .ARM.Collect$$$$00000000  mc_w.l(entry.o)
    0x080000ec   0x00000004   Code   RO         2218    .ARM.Collect$$$$00000001  mc_w.l(entry2.o)
    0x080000f0   0x00000004   Code   RO         2221    .ARM.Collect$$$$00000004  mc_w.l(entry5.o)
    0x080000f4   0x00000004   Code   RO         1886    .ARM.Collect$$$$00000006  mc_w.l(entry6b.o)
    0x080000f8   0x00000000   Code   RO         2223    .ARM.Collect$$$$00000008  mc_w.l(entry7b.o)
    0x080000f8   0x00000004   Code   RO         2224    .ARM.Collect$$$$00000009  mc_w.l(entry8a.o)
    0x080000fc   0x00000000   Code   RO         2225    .ARM.Collect$$$$0000000A  mc_w.l(entry8b.o)
    0x080000fc   0x00000008   Code   RO         2226    .ARM.Collect$$$$0000000B  mc_w.l(entry9a.o)
    0x08000104   0x00000000   Code   RO         2228    .ARM.Collect$$$$0000000D  mc_w.l(entry10a.o)
    0x08000104   0x00000000   Code   RO         2230    .ARM.Collect$$$$0000000F  mc_w.l(entry11a.o)
    0x08000104   0x00000004   Code   RO         2219    .ARM.Collect$$$$00002712  mc_w.l(entry2.o)
    0x08000108   0x000000dc   Code   RO            3    .text               main.o
    0x080001e4   0x00000024   Code   RO          521    .text               startup_stm32f10x_md.o
    0x08000208   0x00000020   Code   RO         1891    .text               mc_w.l(initio_oe.o)
    0x08000228   0x00000040   Code   RO         1899    .text               mc_w.l(memmovea.o)
    0x08000268   0x0000000e   Code   RO         1905    .text               mc_w.l(strlen.o)
    0x08000276   0x0000001c   Code   RO         1907    .text               mc_w.l(strcmp.o)
    0x08000292   0x0000001e   Code   RO         1909    .text               mc_w.l(strncmp.o)
    0x080002b0   0x00000038   Code   RO         2174    .text               mc_w.l(__0sscanf.o)
    0x080002e8   0x0000014c   Code   RO         2176    .text               mc_w.l(_scanf_int.o)
    0x08000434   0x00000020   Code   RO         2181    .text               mc_w.l(cpp_init.o)
    0x08000454   0x00000064   Code   RO         2183    .text               mf_w.l(fmul.o)
    0x080004b8   0x00000032   Code   RO         2187    .text               mf_w.l(ffixi.o)
    0x080004ea   0x00000028   Code   RO         2236    .text               mc_w.l(fputc_fp.o)
    0x08000512   0x0000002c   Code   RO         2238    .text               mc_w.l(uidiv.o)
    0x0800053e   0x00000062   Code   RO         2240    .text               mc_w.l(uldiv.o)
    0x080005a0   0x0000001c   Code   RO         2270    .text               mc_w.l(_chval.o)
    0x080005bc   0x00000028   Code   RO         2272    .text               mc_w.l(scanf_char.o)
    0x080005e4   0x00000040   Code   RO         2274    .text               mc_w.l(_sgetc.o)
    0x08000624   0x00000000   Code   RO         2276    .text               mc_w.l(iusefp.o)
    0x08000624   0x0000014e   Code   RO         2287    .text               mf_w.l(dadd.o)
    0x08000772   0x000000e4   Code   RO         2289    .text               mf_w.l(dmul.o)
    0x08000856   0x000000de   Code   RO         2291    .text               mf_w.l(ddiv.o)
    0x08000934   0x00000030   Code   RO         2293    .text               mf_w.l(dfixul.o)
    0x08000964   0x00000030   Code   RO         2295    .text               mf_w.l(cdrcmple.o)
    0x08000994   0x00000024   Code   RO         2323    .text               mc_w.l(init.o)
    0x080009b8   0x0000001e   Code   RO         2326    .text               mc_w.l(llshl.o)
    0x080009d6   0x00000020   Code   RO         2328    .text               mc_w.l(llushr.o)
    0x080009f6   0x00000024   Code   RO         2330    .text               mc_w.l(llsshr.o)
    0x08000a1a   0x0000000a   Code   RO         2332    .text               mc_w.l(isspace_c.o)
    0x08000a24   0x0000032c   Code   RO         2340    .text               mc_w.l(_scanf.o)
    0x08000d50   0x000000ba   Code   RO         2343    .text               mf_w.l(depilogue.o)
    0x08000e0a   0x00000002   PAD
    0x08000e0c   0x00000028   Code   RO         2351    .text               mc_w.l(ctype_c.o)
    0x08000e34   0x00000012   Code   RO          411    i.$Sub$$main        retarget.o
    0x08000e46   0x00000012   Code   RO         1199    i.ADC_Cmd           stm32f10x_adc.o
    0x08000e58   0x00000010   Code   RO         1207    i.ADC_GetCalibrationStatus  stm32f10x_adc.o
    0x08000e68   0x00000006   Code   RO         1208    i.ADC_GetConversionValue  stm32f10x_adc.o
    0x08000e6e   0x0000000e   Code   RO         1210    i.ADC_GetFlagStatus  stm32f10x_adc.o
    0x08000e7c   0x00000010   Code   RO         1213    i.ADC_GetResetCalibrationStatus  stm32f10x_adc.o
    0x08000e8c   0x0000004c   Code   RO         1217    i.ADC_Init          stm32f10x_adc.o
    0x08000ed8   0x00000092   Code   RO         1221    i.ADC_RegularChannelConfig  stm32f10x_adc.o
    0x08000f6a   0x0000000a   Code   RO         1222    i.ADC_ResetCalibration  stm32f10x_adc.o
    0x08000f74   0x00000012   Code   RO         1224    i.ADC_SoftwareStartConvCmd  stm32f10x_adc.o
    0x08000f86   0x0000000a   Code   RO         1226    i.ADC_StartCalibration  stm32f10x_adc.o
    0x08000f90   0x000000aa   Code   RO          887    i.GPIO_Init         stm32f10x_gpio.o
    0x0800103a   0x00000002   PAD
    0x0800103c   0x0000006c   Code   RO          889    i.GPIO_PinRemapConfig  stm32f10x_gpio.o
    0x080010a8   0x0000006c   Code   RO         1084    i.NVIC_SetVector    cmsis_nvic.o
    0x08001114   0x00000014   Code   RO          342    i.RCC_ADCCLKConfig  stm32f10x_rcc.o
    0x08001128   0x00000018   Code   RO          344    i.RCC_APB1PeriphClockCmd  stm32f10x_rcc.o
    0x08001140   0x00000018   Code   RO          346    i.RCC_APB2PeriphClockCmd  stm32f10x_rcc.o
    0x08001158   0x000000ac   Code   RO          354    i.RCC_GetClocksFreq  stm32f10x_rcc.o
    0x08001204   0x000000b8   Code   RO         1506    i.SetSysClock_PLL_HSE  system_stm32f10x.o
    0x080012bc   0x00000070   Code   RO         1508    i.SystemCoreClockUpdate  system_stm32f10x.o
    0x0800132c   0x000000c4   Code   RO         1509    i.SystemInit        system_stm32f10x.o
    0x080013f0   0x00000006   Code   RO          533    i.TIM_ClearITPendingBit  stm32f10x_tim.o
    0x080013f6   0x00000012   Code   RO          538    i.TIM_Cmd           stm32f10x_tim.o
    0x08001408   0x00000016   Code   RO          559    i.TIM_GetITStatus   stm32f10x_tim.o
    0x0800141e   0x00000010   Code   RO          563    i.TIM_ITConfig      stm32f10x_tim.o
    0x0800142e   0x00000004   Code   RO          599    i.TIM_SetCompare1   stm32f10x_tim.o
    0x08001432   0x00000002   PAD
    0x08001434   0x0000009c   Code   RO          609    i.TIM_TimeBaseInit  stm32f10x_tim.o
    0x080014d0   0x00000012   Code   RO          610    i.TIM_TimeBaseStructInit  stm32f10x_tim.o
    0x080014e2   0x00000012   Code   RO         1135    i.USART_Cmd         stm32f10x_usart.o
    0x080014f4   0x0000000e   Code   RO         1138    i.USART_GetFlagStatus  stm32f10x_usart.o
    0x08001502   0x00000002   PAD
    0x08001504   0x000000b4   Code   RO         1142    i.USART_Init        stm32f10x_usart.o
    0x080015b8   0x00000008   Code   RO         1152    i.USART_SendData    stm32f10x_usart.o
    0x080015c0   0x0000000c   Code   RO           24    i._ZN4mbed8AnalogIn8read_u16Ev  main.o
    0x080015cc   0x00000012   Code   RO           30    i._ZN4mbed8AnalogInC1E7PinName  main.o
    0x080015de   0x00000004   Code   RO         1697    i._ZN4mbed8FileBase11getPathTypeEv  mbed.ar(FileBase.o)
    0x080015e2   0x00000002   PAD
    0x080015e4   0x00000038   Code   RO         1699    i._ZN4mbed8FileBase6lookupEPKcj  mbed.ar(FileBase.o)
    0x0800161c   0x00000018   Code   RO         1576    i._ZN4mbed8FilePath10fileSystemEv  mbed.ar(FilePath.o)
    0x08001634   0x0000001c   Code   RO         1578    i._ZN4mbed8FilePath4fileEv  mbed.ar(FilePath.o)
    0x08001650   0x0000000a   Code   RO         1579    i._ZN4mbed8FilePath6existsEv  mbed.ar(FilePath.o)
    0x0800165a   0x00000018   Code   RO         1580    i._ZN4mbed8FilePath6isFileEv  mbed.ar(FilePath.o)
    0x08001672   0x00000004   Code   RO         1581    i._ZN4mbed8FilePath8fileNameEv  mbed.ar(FilePath.o)
    0x08001676   0x00000040   Code   RO         1582    i._ZN4mbed8FilePathC1EPKc  mbed.ar(FilePath.o)
    0x080016b6   0x00000002   PAD
    0x080016b8   0x0000001c   Code   RO         2145    i.__0fprintf        mc_w.l(printfa.o)
    0x080016d4   0x00000020   Code   RO         2146    i.__0printf         mc_w.l(printfa.o)
    0x080016f4   0x00000018   Code   RO         2149    i.__0vfprintf       mc_w.l(printfa.o)
    0x0800170c   0x0000000e   Code   RO         2358    i.__scatterload_copy  mc_w.l(handlers.o)
    0x0800171a   0x00000002   Code   RO         2359    i.__scatterload_null  mc_w.l(handlers.o)
    0x0800171c   0x0000000e   Code   RO         2360    i.__scatterload_zeroinit  mc_w.l(handlers.o)
    0x0800172a   0x00000018   Code   RO         1889    i._fflush$full      mc_w.l(fflush_f.o)
    0x08001742   0x00000002   PAD
    0x08001744   0x00000164   Code   RO         2153    i._fp_digits        mc_w.l(printfa.o)
    0x080018a8   0x000006dc   Code   RO         2154    i._printf_core      mc_w.l(printfa.o)
    0x08001f84   0x00000024   Code   RO         2155    i._printf_post_padding  mc_w.l(printfa.o)
    0x08001fa8   0x0000002e   Code   RO         2156    i._printf_pre_padding  mc_w.l(printfa.o)
    0x08001fd6   0x00000002   PAD
    0x08001fd8   0x000000e4   Code   RO          419    i._sys_open         retarget.o
    0x080020bc   0x00000028   Code   RO          421    i._sys_seek         retarget.o
    0x080020e4   0x00000060   Code   RO          422    i._sys_write        retarget.o
    0x08002144   0x000000bc   Code   RO         1523    i.analogin_init     mbed.ar(analogin_api.o)
    0x08002200   0x000000b2   Code   RO         1525    i.analogin_read_u16  mbed.ar(analogin_api.o)
    0x080022b2   0x00000002   PAD
    0x080022b4   0x00000018   Code   RO         1745    i.error             mbed.ar(error.o)
    0x080022cc   0x00000020   Code   RO         1764    i.exit              mbed.ar(exit.o)
    0x080022ec   0x00000050   Code   RO         1727    i.mbed_assert_internal  mbed.ar(assert.o)
    0x0800233c   0x00000010   Code   RO          921    i.mbed_die          board.o
    0x0800234c   0x00000002   Code   RO          424    i.mbed_main         retarget.o
    0x0800234e   0x00000004   Code   RO         1125    i.mbed_sdk_init     mbed_overrides.o
    0x08002352   0x00000002   PAD
    0x08002354   0x00000100   Code   RO         1668    i.pin_function      mbed.ar(pinmap.o)
    0x08002454   0x000000f8   Code   RO         1669    i.pin_mode          mbed.ar(pinmap.o)
    0x0800254c   0x00000038   Code   RO         1734    i.pinmap_merge      mbed.ar(pinmap_common.o)
    0x08002584   0x0000005c   Code   RO         1735    i.pinmap_peripheral  mbed.ar(pinmap_common.o)
    0x080025e0   0x00000058   Code   RO         1736    i.pinmap_pinout     mbed.ar(pinmap_common.o)
    0x08002638   0x0000015c   Code   RO         1542    i.serial_init       mbed.ar(serial_api.o)
    0x08002794   0x00000020   Code   RO         1546    i.serial_putc       mbed.ar(serial_api.o)
    0x080027b4   0x0000008c   Code   RO         1679    i.tim_irq_handler   mbed.ar(us_ticker.o)
    0x08002840   0x0000000c   Code   RO         1680    i.us_ticker_clear_interrupt  mbed.ar(us_ticker.o)
    0x0800284c   0x00000010   Code   RO         1681    i.us_ticker_disable_interrupt  mbed.ar(us_ticker.o)
    0x0800285c   0x00000044   Code   RO         1752    i.us_ticker_irq_handler  mbed.ar(us_ticker_api.o)
    0x080028a0   0x000000a4   Code   RO         1683    i.us_ticker_read    mbed.ar(us_ticker.o)
    0x08002944   0x00000104   Code   RO         1684    i.us_ticker_set_interrupt  mbed.ar(us_ticker.o)
    0x08002a48   0x00000024   Code   RO         1659    i.wait              mbed.ar(wait_api.o)
    0x08002a6c   0x0000001c   Code   RO         1660    i.wait_ms           mbed.ar(wait_api.o)
    0x08002a88   0x0000012e   Data   RO         1526    .constdata          mbed.ar(analogin_api.o)
    0x08002bb6   0x00000002   PAD
    0x08002bb8   0x000000f0   Data   RO         1553    .constdata          mbed.ar(serial_api.o)
    0x08002ca8   0x000000a0   Data   RO         1670    .constdata          mbed.ar(pinmap.o)
    0x08002d48   0x00000040   Data   RO         2352    .constdata          mc_w.l(ctype_c.o)
    0x08002d88   0x00000020   Data   RO         2356    Region$$Table       anon$$obj.o
    0x08002da8   0x00000004   Data   RO            6    .init_array         main.o
    0x08002dac   0x00000000   Data   RO         2179    .init_array         mc_w.l(cpp_init.o)


    Execution Region RW_IRAM1 (Base: 0x200000ec, Size: 0x0000010c, Max: 0x00004f14, ABSOLUTE)

    Base Addr    Size         Type   Attr      Idx    E Section Name        Object

    0x200000ec   0x00000028   Data   RW            5    .data               main.o
    0x20000114   0x00000014   Data   RW          374    .data               stm32f10x_rcc.o
    0x20000128   0x00000004   Data   RW          465    .data               retarget.o
    0x2000012c   0x00000014   Data   RW         1510    .data               system_stm32f10x.o
    0x20000140   0x00000004   Data   RW         1527    .data               mbed.ar(analogin_api.o)
    0x20000144   0x00000008   Data   RW         1554    .data               mbed.ar(serial_api.o)
    0x2000014c   0x00000010   Data   RW         1685    .data               mbed.ar(us_ticker.o)
    0x2000015c   0x00000004   Data   RW         1711    .data               mbed.ar(FileBase.o)
    0x20000160   0x00000008   Data   RW         1755    .data               mbed.ar(us_ticker_api.o)
    0x20000168   0x00000040   Zero   RW          461    .bss                retarget.o
    0x200001a8   0x00000028   Zero   RW         1552    .bss                mbed.ar(serial_api.o)
    0x200001d0   0x00000014   Zero   RW         1897    .bss                mc_w.l(stdout_f.o)
    0x200001e4   0x00000014   Zero   RW         1898    .bss                mc_w.l(stderr_f.o)


==============================================================================

Image component sizes


      Code (inc. data)   RO Data    RW Data    ZI Data      Debug   Object Name

        16          0          0          0          0         72   board.o
       108          6          0          0          0         84   cmsis_nvic.o
       250         54          4         40          0     214433   main.o
         4          0          0          0          0         68   mbed_overrides.o
       384         34          0          4         64        400   retarget.o
        36          8        236          0          0        228   startup_stm32f10x_md.o
       330          6          0          0          0        708   stm32f10x_adc.o
       278          6          0          0          0        188   stm32f10x_gpio.o
       240         38          0         20          0        284   stm32f10x_rcc.o
       240          8          0          0          0        488   stm32f10x_tim.o
       220          6          0          0          0        288   stm32f10x_usart.o
       492         50          0         20          0        224   system_stm32f10x.o

    ----------------------------------------------------------------------
      2606        216        272         84         64     217465   Object Totals
         0          0         32          0          0          0   (incl. Generated)
         8          0          0          0          0          0   (incl. Padding)

    ----------------------------------------------------------------------

      Code (inc. data)   RO Data    RW Data    ZI Data      Debug   Library Member Name

        60          6          0          4          0        148   FileBase.o
       154          0          0          0          0        440   FilePath.o
       366         46        302          4          0        168   analogin_api.o
        80         56          0          0          0         80   assert.o
        24          4          0          0          0         80   error.o
        32          8          0          0          0         72   exit.o
       504        104        160          0          0        172   pinmap.o
       236         78          0          0          0        240   pinmap_common.o
       380         54        240          8         40        188   serial_api.o
       592         78          0         16          0        420   us_ticker.o
        68          6          0          8          0         88   us_ticker_api.o
        64          4          0          0          0        160   wait_api.o
        56          8          0          0          0         84   __0sscanf.o
        28          0          0          0          0         68   _chval.o
       812          4          0          0          0        112   _scanf.o
       332          0          0          0          0         96   _scanf_int.o
        64          0          0          0          0         84   _sgetc.o
        32         10          0          0          0         80   cpp_init.o
        40          6         64          0          0         68   ctype_c.o
         0          0          0          0          0          0   entry.o
         0          0          0          0          0          0   entry10a.o
         0          0          0          0          0          0   entry11a.o
         8          4          0          0          0          0   entry2.o
         4          0          0          0          0          0   entry5.o
         4          0          0          0          0          0   entry6b.o
         0          0          0          0          0          0   entry7b.o
         4          0          0          0          0          0   entry8a.o
         0          0          0          0          0          0   entry8b.o
         8          4          0          0          0          0   entry9a.o
        24          0          0          0          0         76   fflush_f.o
        40          0          0          0          0         80   fputc_fp.o
        30          0          0          0          0          0   handlers.o
        36          8          0          0          0         68   init.o
        32         12          0          0          0         72   initio_oe.o
        10          0          0          0          0         68   isspace_c.o
         0          0          0          0          0          0   iusefp.o
        30          0          0          0          0         68   llshl.o
        36          0          0          0          0         68   llsshr.o
        32          0          0          0          0         68   llushr.o
        64          0          0          0          0         76   memmovea.o
      2278        100          0          0          0        608   printfa.o
        40          8          0          0          0         84   scanf_char.o
         0          0          0          0         20          0   stderr_f.o
         0          0          0          0         20          0   stdout_f.o
        28          0          0          0          0         76   strcmp.o
        14          0          0          0          0         68   strlen.o
        30          0          0          0          0         80   strncmp.o
        44          0          0          0          0         80   uidiv.o
        98          0          0          0          0         92   uldiv.o
        48          0          0          0          0         68   cdrcmple.o
       334          0          0          0          0        148   dadd.o
       222          0          0          0          0        100   ddiv.o
       186          0          0          0          0        176   depilogue.o
        48          0          0          0          0         68   dfixul.o
       228          0          0          0          0         96   dmul.o
        50          0          0          0          0         68   ffixi.o
       100          0          0          0          0         76   fmul.o

    ----------------------------------------------------------------------
      8046        608        768         40         80       5380   Library Totals
        12          0          2          0          0          0   (incl. Padding)

    ----------------------------------------------------------------------

      Code (inc. data)   RO Data    RW Data    ZI Data      Debug   Library Name

      2560        444        702         40         40       2256   mbed.ar
      4258        164         64          0         40       2324   mc_w.l
      1216          0          0          0          0        800   mf_w.l

    ----------------------------------------------------------------------
      8046        608        768         40         80       5380   Library Totals

    ----------------------------------------------------------------------

==============================================================================


      Code (inc. data)   RO Data    RW Data    ZI Data      Debug   

     10652        824       1040        124        144     217745   Grand Totals
     10652        824       1040        124        144     217745   ELF Image Totals
     10652        824       1040        124          0          0   ROM Totals

==============================================================================

    Total RO  Size (Code + RO Data)                11692 (  11.42kB)
    Total RW  Size (RW Data + ZI Data)               268 (   0.26kB)
    Total ROM Size (Code + RO Data + RW Data)      11816 (  11.54kB)

==============================================================================

